Component: ARM Compiler 5.06 update 6 (build 750) Tool: armlink [4d35ed]

==============================================================================

Section Cross References

    startup_stm32l476xx.o(RESET) refers to startup_stm32l476xx.o(STACK) for __initial_sp
    startup_stm32l476xx.o(RESET) refers to startup_stm32l476xx.o(.text) for Reset_Handler
    startup_stm32l476xx.o(RESET) refers to stm32l4xx_it.o(i.NMI_Handler) for NMI_Handler
    startup_stm32l476xx.o(RESET) refers to stm32l4xx_it.o(i.HardFault_Handler) for HardFault_Handler
    startup_stm32l476xx.o(RESET) refers to stm32l4xx_it.o(i.MemManage_Handler) for MemManage_Handler
    startup_stm32l476xx.o(RESET) refers to stm32l4xx_it.o(i.BusFault_Handler) for BusFault_Handler
    startup_stm32l476xx.o(RESET) refers to stm32l4xx_it.o(i.UsageFault_Handler) for UsageFault_Handler
    startup_stm32l476xx.o(RESET) refers to stm32l4xx_it.o(i.SVC_Handler) for SVC_Handler
    startup_stm32l476xx.o(RESET) refers to stm32l4xx_it.o(i.DebugMon_Handler) for DebugMon_Handler
    startup_stm32l476xx.o(RESET) refers to stm32l4xx_it.o(i.PendSV_Handler) for PendSV_Handler
    startup_stm32l476xx.o(RESET) refers to stm32l4xx_it.o(i.SysTick_Handler) for SysTick_Handler
    startup_stm32l476xx.o(RESET) refers to stm32l4xx_it.o(i.EXTI0_IRQHandler) for EXTI0_IRQHandler
    startup_stm32l476xx.o(RESET) refers to stm32l4xx_it.o(i.EXTI2_IRQHandler) for EXTI2_IRQHandler
    startup_stm32l476xx.o(RESET) refers to stm32l4xx_it.o(i.EXTI3_IRQHandler) for EXTI3_IRQHandler
    startup_stm32l476xx.o(RESET) refers to stm32l4xx_it.o(i.EXTI9_5_IRQHandler) for EXTI9_5_IRQHandler
    startup_stm32l476xx.o(RESET) refers to stm32l4xx_it.o(i.OTG_FS_IRQHandler) for OTG_FS_IRQHandler
    startup_stm32l476xx.o(.text) refers to system_stm32l4xx.o(i.SystemInit) for SystemInit
    startup_stm32l476xx.o(.text) refers to entry.o(.ARM.Collect$$$$00000000) for __main
    main.o(i.MX_ADC1_Init) refers to stm32l4xx_hal_adc.o(i.HAL_ADC_Init) for HAL_ADC_Init
    main.o(i.MX_ADC1_Init) refers to stm32l4xx_hal_adc_ex.o(i.HAL_ADCEx_MultiModeConfigChannel) for HAL_ADCEx_MultiModeConfigChannel
    main.o(i.MX_ADC1_Init) refers to stm32l4xx_hal_adc.o(i.HAL_ADC_ConfigChannel) for HAL_ADC_ConfigChannel
    main.o(i.MX_ADC1_Init) refers to main.o(.bss) for .bss
    main.o(i.MX_GPIO_Init) refers to stm32l4xx_hal_gpio.o(i.HAL_GPIO_WritePin) for HAL_GPIO_WritePin
    main.o(i.MX_GPIO_Init) refers to stm32l4xx_hal_gpio.o(i.HAL_GPIO_Init) for HAL_GPIO_Init
    main.o(i.MX_GPIO_Init) refers to stm32l4xx_hal_cortex.o(i.HAL_NVIC_SetPriority) for HAL_NVIC_SetPriority
    main.o(i.MX_GPIO_Init) refers to stm32l4xx_hal_cortex.o(i.HAL_NVIC_EnableIRQ) for HAL_NVIC_EnableIRQ
    main.o(i.MX_I2C1_Init) refers to stm32l4xx_hal_i2c.o(i.HAL_I2C_Init) for HAL_I2C_Init
    main.o(i.MX_I2C1_Init) refers to stm32l4xx_hal_i2c_ex.o(i.HAL_I2CEx_ConfigAnalogFilter) for HAL_I2CEx_ConfigAnalogFilter
    main.o(i.MX_I2C1_Init) refers to stm32l4xx_hal_i2c_ex.o(i.HAL_I2CEx_ConfigDigitalFilter) for HAL_I2CEx_ConfigDigitalFilter
    main.o(i.MX_I2C1_Init) refers to main.o(.bss) for .bss
    main.o(i.MX_I2C2_Init) refers to stm32l4xx_hal_i2c.o(i.HAL_I2C_Init) for HAL_I2C_Init
    main.o(i.MX_I2C2_Init) refers to stm32l4xx_hal_i2c_ex.o(i.HAL_I2CEx_ConfigAnalogFilter) for HAL_I2CEx_ConfigAnalogFilter
    main.o(i.MX_I2C2_Init) refers to stm32l4xx_hal_i2c_ex.o(i.HAL_I2CEx_ConfigDigitalFilter) for HAL_I2CEx_ConfigDigitalFilter
    main.o(i.MX_I2C2_Init) refers to main.o(.bss) for .bss
    main.o(i.MX_LCD_Init) refers to stm32l4xx_hal_lcd.o(i.HAL_LCD_Init) for HAL_LCD_Init
    main.o(i.MX_LCD_Init) refers to main.o(.bss) for .bss
    main.o(i.MX_SAI1_Init) refers to stm32l4xx_hal_sai.o(i.HAL_SAI_Init) for HAL_SAI_Init
    main.o(i.MX_SAI1_Init) refers to main.o(.bss) for .bss
    main.o(i.MX_SPI2_Init) refers to stm32l4xx_hal_spi.o(i.HAL_SPI_Init) for HAL_SPI_Init
    main.o(i.MX_SPI2_Init) refers to main.o(.bss) for .bss
    main.o(i.MX_USART2_UART_Init) refers to stm32l4xx_hal_uart.o(i.HAL_UART_Init) for HAL_UART_Init
    main.o(i.MX_USART2_UART_Init) refers to main.o(.bss) for .bss
    main.o(i.SystemClock_Config) refers to stm32l4xx_hal_pwr.o(i.HAL_PWR_EnableBkUpAccess) for HAL_PWR_EnableBkUpAccess
    main.o(i.SystemClock_Config) refers to stm32l4xx_hal_rcc.o(i.HAL_RCC_OscConfig) for HAL_RCC_OscConfig
    main.o(i.SystemClock_Config) refers to stm32l4xx_hal_rcc.o(i.HAL_RCC_ClockConfig) for HAL_RCC_ClockConfig
    main.o(i.SystemClock_Config) refers to stm32l4xx_hal_rcc_ex.o(i.HAL_RCCEx_PeriphCLKConfig) for HAL_RCCEx_PeriphCLKConfig
    main.o(i.SystemClock_Config) refers to stm32l4xx_hal_pwr_ex.o(i.HAL_PWREx_ControlVoltageScaling) for HAL_PWREx_ControlVoltageScaling
    main.o(i.SystemClock_Config) refers to stm32l4xx_hal_rcc.o(i.HAL_RCC_GetHCLKFreq) for HAL_RCC_GetHCLKFreq
    main.o(i.SystemClock_Config) refers to stm32l4xx_hal_cortex.o(i.HAL_SYSTICK_Config) for HAL_SYSTICK_Config
[...]
    i.HAL_HCD_HC_NotifyURBChange_Callback    0x08001302   Section        0  usbh_conf.o(i.HAL_HCD_HC_NotifyURBChange_Callback)
    i.HAL_HCD_HC_SubmitRequest               0x08001304   Section        0  stm32l4xx_hal_hcd.o(i.HAL_HCD_HC_SubmitRequest)
    i.HAL_HCD_IRQHandler                     0x08001390   Section        0  stm32l4xx_hal_hcd.o(i.HAL_HCD_IRQHandler)
    i.HAL_HCD_Init                           0x080014c2   Section        0  stm32l4xx_hal_hcd.o(i.HAL_HCD_Init)
    i.HAL_HCD_MspInit                        0x0800152c   Section        0  usbh_conf.o(i.HAL_HCD_MspInit)
    i.HAL_HCD_PortDisabled_Callback          0x080015ac   Section        0  usbh_conf.o(i.HAL_HCD_PortDisabled_Callback)
    i.HAL_HCD_PortEnabled_Callback           0x080015b4   Section        0  usbh_conf.o(i.HAL_HCD_PortEnabled_Callback)
    i.HAL_HCD_ResetPort                      0x080015bc   Section        0  stm32l4xx_hal_hcd.o(i.HAL_HCD_ResetPort)
    i.HAL_HCD_SOF_Callback                   0x080015c2   Section        0  usbh_conf.o(i.HAL_HCD_SOF_Callback)
    i.HAL_HCD_Start                          0x080015ca   Section        0  stm32l4xx_hal_hcd.o(i.HAL_HCD_Start)
    i.HAL_HCD_Stop                           0x080015f6   Section        0  stm32l4xx_hal_hcd.o(i.HAL_HCD_Stop)
    i.HAL_I2CEx_ConfigAnalogFilter           0x0800161a   Section        0  stm32l4xx_hal_i2c_ex.o(i.HAL_I2CEx_ConfigAnalogFilter)
    i.HAL_I2CEx_ConfigDigitalFilter          0x08001670   Section        0  stm32l4xx_hal_i2c_ex.o(i.HAL_I2CEx_ConfigDigitalFilter)
    i.HAL_I2C_Init                           0x080016c4   Section        0  stm32l4xx_hal_i2c.o(i.HAL_I2C_Init)
    i.HAL_I2C_MspInit                        0x0800177c   Section        0  stm32l4xx_hal_msp.o(i.HAL_I2C_MspInit)
    i.HAL_IncTick                            0x080017e8   Section        0  stm32l4xx_hal.o(i.HAL_IncTick)
    i.HAL_Init                               0x080017f8   Section        0  stm32l4xx_hal.o(i.HAL_Init)
    i.HAL_InitTick                           0x08001824   Section        0  stm32l4xx_hal.o(i.HAL_InitTick)
    i.HAL_LCD_Init                           0x08001854   Section        0  stm32l4xx_hal_lcd.o(i.HAL_LCD_Init)
    i.HAL_LCD_MspInit                        0x08001950   Section        0  stm32l4xx_hal_msp.o(i.HAL_LCD_MspInit)
    i.HAL_LCD_UpdateDisplayRequest           0x080019e8   Section        0  stm32l4xx_hal_lcd.o(i.HAL_LCD_UpdateDisplayRequest)
    i.HAL_LCD_Write                          0x08001a3c   Section        0  stm32l4xx_hal_lcd.o(i.HAL_LCD_Write)
    i.HAL_MspInit                            0x08001ac4   Section        0  stm32l4xx_hal_msp.o(i.HAL_MspInit)
    i.HAL_NVIC_EnableIRQ                     0x08001b44   Section        0  stm32l4xx_hal_cortex.o(i.HAL_NVIC_EnableIRQ)
    i.HAL_NVIC_SetPriority                   0x08001b5c   Section        0  stm32l4xx_hal_cortex.o(i.HAL_NVIC_SetPriority)
    i.HAL_NVIC_SetPriorityGrouping           0x08001b9c   Section        0  stm32l4xx_hal_cortex.o(i.HAL_NVIC_SetPriorityGrouping)
    i.HAL_PWREx_ControlVoltageScaling        0x08001bc0   Section        0  stm32l4xx_hal_pwr_ex.o(i.HAL_PWREx_ControlVoltageScaling)
    i.HAL_PWREx_EnableVddUSB                 0x08001c28   Section        0  stm32l4xx_hal_pwr_ex.o(i.HAL_PWREx_EnableVddUSB)
    i.HAL_PWREx_GetVoltageRange              0x08001c38   Section        0  stm32l4xx_hal_pwr_ex.o(i.HAL_PWREx_GetVoltageRange)
    i.HAL_PWR_EnableBkUpAccess               0x08001c48   Section        0  stm32l4xx_hal_pwr.o(i.HAL_PWR_EnableBkUpAccess)
    i.HAL_RCCEx_EnableMSIPLLMode             0x08001c58   Section        0  stm32l4xx_hal_rcc_ex.o(i.HAL_RCCEx_EnableMSIPLLMode)
    i.HAL_RCCEx_GetPeriphCLKFreq             0x08001c68   Section        0  stm32l4xx_hal_rcc_ex.o(i.HAL_RCCEx_GetPeriphCLKFreq)
    i.HAL_RCCEx_PeriphCLKConfig              0x0800203c   Section        0  stm32l4xx_hal_rcc_ex.o(i.HAL_RCCEx_PeriphCLKConfig)
    i.HAL_RCC_ClockConfig                    0x080023ec   Section        0  stm32l4xx_hal_rcc.o(i.HAL_RCC_ClockConfig)
    i.HAL_RCC_GetHCLKFreq                    0x08002504   Section        0  stm32l4xx_hal_rcc.o(i.HAL_RCC_GetHCLKFreq)
    i.HAL_RCC_GetPCLK1Freq                   0x08002510   Section        0  stm32l4xx_hal_rcc.o(i.HAL_RCC_GetPCLK1Freq)
    i.HAL_RCC_GetPCLK2Freq                   0x08002534   Section        0  stm32l4xx_hal_rcc.o(i.HAL_RCC_GetPCLK2Freq)
    i.HAL_RCC_GetSysClockFreq                0x08002558   Section        0  stm32l4xx_hal_rcc.o(i.HAL_RCC_GetSysClockFreq)
    i.HAL_RCC_OscConfig                      0x080025fc   Section        0  stm32l4xx_hal_rcc.o(i.HAL_RCC_OscConfig)
    i.HAL_SAI_Init                           0x08002a60   Section        0  stm32l4xx_hal_sai.o(i.HAL_SAI_Init)
    i.HAL_SAI_MspInit                        0x08002c14   Section        0  stm32l4xx_hal_msp.o(i.HAL_SAI_MspInit)
    i.HAL_SPI_Init                           0x08002cd2   Section        0  stm32l4xx_hal_spi.o(i.HAL_SPI_Init)
    i.HAL_SPI_MspInit                        0x08002d80   Section        0  stm32l4xx_hal_msp.o(i.HAL_SPI_MspInit)
    i.HAL_SYSTICK_CLKSourceConfig            0x08002dcc   Section        0  stm32l4xx_hal_cortex.o(i.HAL_SYSTICK_CLKSourceConfig)
    i.HAL_SYSTICK_Callback                   0x08002de4   Section        0  stm32l4xx_hal_cortex.o(i.HAL_SYSTICK_Callback)
    i.HAL_SYSTICK_Config                     0x08002de6   Section        0  stm32l4xx_hal_cortex.o(i.HAL_SYSTICK_Config)
    i.HAL_SYSTICK_IRQHandler                 0x08002e0e   Section        0  stm32l4xx_hal_cortex.o(i.HAL_SYSTICK_IRQHandler)
    i.HAL_UART_Init                          0x08002e16   Section        0  stm32l4xx_hal_uart.o(i.HAL_UART_Init)
    i.HAL_UART_MspInit                       0x08002e80   Section        0  stm32l4xx_hal_msp.o(i.HAL_UART_MspInit)
    i.HCD_HC_IN_IRQHandler                   0x08002ecc   Section        0  stm32l4xx_hal_hcd.o(i.HCD_HC_IN_IRQHandler)
    HCD_HC_IN_IRQHandler                     0x08002ecd   Thumb Code   556  stm32l4xx_hal_hcd.o(i.HCD_HC_IN_IRQHandler)
    i.HCD_HC_OUT_IRQHandler                  0x080030fe   Section        0  stm32l4xx_hal_hcd.o(i.HCD_HC_OUT_IRQHandler)
    HCD_HC_OUT_IRQHandler                    0x080030ff   Thumb Code   576  stm32l4xx_hal_hcd.o(i.HCD_HC_OUT_IRQHandler)
    i.HCD_Port_IRQHandler                    0x0800333e   Section        0  stm32l4xx_hal_hcd.o(i.HCD_Port_IRQHandler)
    HCD_Port_IRQHandler                      0x0800333f   Thumb Code   184  stm32l4xx_hal_hcd.o(i.HCD_Port_IRQHandler)
    i.HCD_RXQLVL_IRQHandler                  0x080033f8   Section        0  stm32l4xx_hal_hcd.o(i.HCD_RXQLVL_IRQHandler)
    HCD_RXQLVL_IRQHandler                    0x080033f9   Thumb Code   108  stm32l4xx_hal_hcd.o(i.HCD_RXQLVL_IRQHandler)
    i.HardFault_Handler                      0x08003468   Section        0  stm32l4xx_it.o(i.HardFault_Handler)
    i.LCD_WaitForSynchro                     0x0800346a   Section        0  stm32l4xx_hal_lcd.o(i.LCD_WaitForSynchro)
    i.LL_ADC_GetOffsetChannel                0x0800349a   Section        0  stm32l4xx_hal_adc.o(i.LL_ADC_GetOffsetChannel)
    LL_ADC_GetOffsetChannel                  0x0800349b   Thumb Code    12  stm32l4xx_hal_adc.o(i.LL_ADC_GetOffsetChannel)
    i.LL_ADC_INJ_IsConversionOngoing         0x080034a6   Section        0  stm32l4xx_hal_adc.o(i.LL_ADC_INJ_IsConversionOngoing)
    LL_ADC_INJ_IsConversionOngoing           0x080034a7   Thumb Code     8  stm32l4xx_hal_adc.o(i.LL_ADC_INJ_IsConversionOngoing)
    i.LL_ADC_REG_IsConversionOngoing         0x080034ae   Section        0  stm32l4xx_hal_adc.o(i.LL_ADC_REG_IsConversionOngoing)
    LL_ADC_REG_IsConversionOngoing           0x080034af   Thumb Code     8  stm32l4xx_hal_adc.o(i.LL_ADC_REG_IsConversionOngoing)
    i.LL_ADC_REG_IsConversionOngoing         0x080034b6   Section        0  stm32l4xx_hal_adc_ex.o(i.LL_ADC_REG_IsConversionOngoing)
    LL_ADC_REG_IsConversionOngoing           0x080034b7   Thumb Code     8  stm32l4xx_hal_adc_ex.o(i.LL_ADC_REG_IsConversionOngoing)
    i.LL_ADC_REG_IsTriggerSourceSWStart      0x080034be   Section        0  stm32l4xx_hal_adc.o(i.LL_ADC_REG_IsTriggerSourceSWStart)
    LL_ADC_REG_IsTriggerSourceSWStart        0x080034bf   Thumb Code    16  stm32l4xx_hal_adc.o(i.LL_ADC_REG_IsTriggerSourceSWStart)
    i.LL_ADC_SetChannelSamplingTime          0x080034ce   Section        0  stm32l4xx_hal_adc.o(i.LL_ADC_SetChannelSamplingTime)
    LL_ADC_SetChannelSamplingTime            0x080034cf   Thumb Code    30  stm32l4xx_hal_adc.o(i.LL_ADC_SetChannelSamplingTime)
    i.LL_ADC_SetOffsetState                  0x080034ec   Section        0  stm32l4xx_hal_adc.o(i.LL_ADC_SetOffsetState)
    LL_ADC_SetOffsetState                    0x080034ed   Thumb Code    16  stm32l4xx_hal_adc.o(i.LL_ADC_SetOffsetState)
    i.MX_ADC1_Init                           0x080034fc   Section        0  main.o(i.MX_ADC1_Init)
    MX_ADC1_Init                             0x080034fd   Thumb Code   110  main.o(i.MX_ADC1_Init)
    i.MX_DriverVbusFS                        0x08003578   Section        0  usbh_platform.o(i.MX_DriverVbusFS)
    i.MX_GPIO_Init                           0x08003590   Section        0  main.o(i.MX_GPIO_Init)
    MX_GPIO_Init                             0x08003591   Thumb Code   504  main.o(i.MX_GPIO_Init)
    i.MX_I2C1_Init                           0x080037ac   Section        0  main.o(i.MX_I2C1_Init)
    MX_I2C1_Init                             0x080037ad   Thumb Code    66  main.o(i.MX_I2C1_Init)
    i.MX_I2C2_Init                           0x080037fc   Section        0  main.o(i.MX_I2C2_Init)
    MX_I2C2_Init                             0x080037fd   Thumb Code    66  main.o(i.MX_I2C2_Init)
    i.MX_LCD_Init                            0x0800384c   Section        0  main.o(i.MX_LCD_Init)
    MX_LCD_Init                              0x0800384d   Thumb Code    48  main.o(i.MX_LCD_Init)
    i.MX_SAI1_Init                           0x08003884   Section        0  main.o(i.MX_SAI1_Init)
    MX_SAI1_Init                             0x08003885   Thumb Code   140  main.o(i.MX_SAI1_Init)
    i.MX_SPI2_Init                           0x0800391c   Section        0  main.o(i.MX_SPI2_Init)
    MX_SPI2_Init                             0x0800391d   Thumb Code    64  main.o(i.MX_SPI2_Init)
    i.MX_USART2_UART_Init                    0x08003964   Section        0  main.o(i.MX_USART2_UART_Init)
    MX_USART2_UART_Init                      0x08003965   Thumb Code    46  main.o(i.MX_USART2_UART_Init)
    i.MX_USB_HOST_Init                       0x0800399c   Section        0  usb_host.o(i.MX_USB_HOST_Init)
    i.MX_USB_HOST_Process                    0x080039c8   Section        0  usb_host.o(i.MX_USB_HOST_Process)
    i.MemManage_Handler                      0x080039d4   Section        0  stm32l4xx_it.o(i.MemManage_Handler)
    i.NMI_Handler                            0x080039d6   Section        0  stm32l4xx_it.o(i.NMI_Handler)
    i.NVIC_SetPriority                       0x080039d8   Section        0  stm32l4xx_hal_cortex.o(i.NVIC_SetPriority)
    NVIC_SetPriority                         0x080039d9   Thumb Code    32  stm32l4xx_hal_cortex.o(i.NVIC_SetPriority)
    i.OTG_FS_IRQHandler                      0x080039f8   Section        0  stm32l4xx_it.o(i.OTG_FS_IRQHandler)
    i.PendSV_Handler                         0x08003a04   Section        0  stm32l4xx_it.o(i.PendSV_Handler)
    i.RCCEx_GetSAIxPeriphCLKFreq             0x08003a08   Section        0  stm32l4xx_hal_rcc_ex.o(i.RCCEx_GetSAIxPeriphCLKFreq)
    RCCEx_GetSAIxPeriphCLKFreq               0x08003a09   Thumb Code   200  stm32l4xx_hal_rcc_ex.o(i.RCCEx_GetSAIxPeriphCLKFreq)
    i.RCCEx_PLLSAI1_Config                   0x08003ad8   Section        0  stm32l4xx_hal_rcc_ex.o(i.RCCEx_PLLSAI1_Config)
    RCCEx_PLLSAI1_Config                     0x08003ad9   Thumb Code   278  stm32l4xx_hal_rcc_ex.o(i.RCCEx_PLLSAI1_Config)
    i.RCCEx_PLLSAI2_Config                   0x08003c04   Section        0  stm32l4xx_hal_rcc_ex.o(i.RCCEx_PLLSAI2_Config)
    RCCEx_PLLSAI2_Config                     0x08003c05   Thumb Code   250  stm32l4xx_hal_rcc_ex.o(i.RCCEx_PLLSAI2_Config)
    i.RCC_SetFlashLatencyFromMSIRange        0x08003d0c   Section        0  stm32l4xx_hal_rcc.o(i.RCC_SetFlashLatencyFromMSIRange)
    RCC_SetFlashLatencyFromMSIRange          0x08003d0d   Thumb Code   116  stm32l4xx_hal_rcc.o(i.RCC_SetFlashLatencyFromMSIRange)
    i.SAI_Disable                            0x08003d88   Section        0  stm32l4xx_hal_sai.o(i.SAI_Disable)
    SAI_Disable                              0x08003d89   Thumb Code    58  stm32l4xx_hal_sai.o(i.SAI_Disable)
    i.SVC_Handler                            0x08003dc8   Section        0  stm32l4xx_it.o(i.SVC_Handler)
    i.SysTick_Handler                        0x08003dca   Section        0  stm32l4xx_it.o(i.SysTick_Handler)
    i.SystemClock_Config                     0x08003dd8   Section        0  main.o(i.SystemClock_Config)
    i.SystemInit                             0x08003eac   Section        0  system_stm32l4xx.o(i.SystemInit)
    i.UART_AdvFeatureConfig                  0x08003ef0   Section        0  stm32l4xx_hal_uart.o(i.UART_AdvFeatureConfig)
    i.UART_CheckIdleState                    0x08003fb8   Section        0  stm32l4xx_hal_uart.o(i.UART_CheckIdleState)
    i.UART_SetConfig                         0x08004014   Section        0  stm32l4xx_hal_uart.o(i.UART_SetConfig)
    i.UART_WaitOnFlagUntilTimeout            0x080042b4   Section        0  stm32l4xx_hal_uart.o(i.UART_WaitOnFlagUntilTimeout)
    i.USBH_AllocPipe                         0x08004318   Section        0  usbh_pipes.o(i.USBH_AllocPipe)
    i.USBH_BulkReceiveData                   0x0800434c   Section        0  usbh_ioreq.o(i.USBH_BulkReceiveData)
    i.USBH_BulkSendData                      0x0800436c   Section        0  usbh_ioreq.o(i.USBH_BulkSendData)
    i.USBH_CDC_ClassRequest                  0x08004394   Section        0  usbh_cdc.o(i.USBH_CDC_ClassRequest)
    USBH_CDC_ClassRequest                    0x08004395   Thumb Code    36  usbh_cdc.o(i.USBH_CDC_ClassRequest)
    i.USBH_CDC_InterfaceDeInit               0x080043b8   Section        0  usbh_cdc.o(i.USBH_CDC_InterfaceDeInit)
    USBH_CDC_InterfaceDeInit                 0x080043b9   Thumb Code    94  usbh_cdc.o(i.USBH_CDC_InterfaceDeInit)
    i.USBH_CDC_InterfaceInit                 0x08004416   Section        0  usbh_cdc.o(i.USBH_CDC_InterfaceInit)
    USBH_CDC_InterfaceInit                   0x08004417   Thumb Code   308  usbh_cdc.o(i.USBH_CDC_InterfaceInit)
    i.USBH_CDC_LineCodingChanged             0x0800454a   Section        0  usbh_cdc.o(i.USBH_CDC_LineCodingChanged)
    i.USBH_CDC_Process                       0x0800454c   Section        0  usbh_cdc.o(i.USBH_CDC_Process)
    USBH_CDC_Process                         0x0800454d   Thumb Code   184  usbh_cdc.o(i.USBH_CDC_Process)
    i.USBH_CDC_ReceiveCallback               0x08004604   Section        0  usbh_cdc.o(i.USBH_CDC_ReceiveCallback)
    i.USBH_CDC_SOFProcess                    0x08004606   Section        0  usbh_cdc.o(i.USBH_CDC_SOFProcess)
    USBH_CDC_SOFProcess                      0x08004607   Thumb Code     4  usbh_cdc.o(i.USBH_CDC_SOFProcess)
    i.USBH_CDC_TransmitCallback              0x0800460a   Section        0  usbh_cdc.o(i.USBH_CDC_TransmitCallback)
    i.USBH_ClosePipe                         0x0800460c   Section        0  usbh_pipes.o(i.USBH_ClosePipe)
    i.USBH_ClrFeature                        0x08004616   Section        0  usbh_ctlreq.o(i.USBH_ClrFeature)
    i.USBH_CtlReceiveData                    0x08004634   Section        0  usbh_ioreq.o(i.USBH_CtlReceiveData)
    i.USBH_CtlReq                            0x08004652   Section        0  usbh_ctlreq.o(i.USBH_CtlReq)
    i.USBH_CtlSendData                       0x0800468c   Section        0  usbh_ioreq.o(i.USBH_CtlSendData)
    i.USBH_CtlSendSetup                      0x080046b4   Section        0  usbh_ioreq.o(i.USBH_CtlSendSetup)
    i.USBH_Delay                             0x080046d2   Section        0  usbh_conf.o(i.USBH_Delay)
    i.USBH_FindInterface                     0x080046d8   Section        0  usbh_core.o(i.USBH_FindInterface)
    i.USBH_FreePipe                          0x0800471c   Section        0  usbh_pipes.o(i.USBH_FreePipe)
    i.USBH_GetDescriptor                     0x08004734   Section        0  usbh_ctlreq.o(i.USBH_GetDescriptor)
    i.USBH_GetNextDesc                       0x08004768   Section        0  usbh_ctlreq.o(i.USBH_GetNextDesc)
    i.USBH_Get_CfgDesc                       0x08004776   Section        0  usbh_ctlreq.o(i.USBH_Get_CfgDesc)
    i.USBH_Get_DevDesc                       0x080047a2   Section        0  usbh_ctlreq.o(i.USBH_Get_DevDesc)
    i.USBH_Get_StringDesc                    0x08004832   Section        0  usbh_ctlreq.o(i.USBH_Get_StringDesc)
    i.USBH_HandleControl                     0x0800487a   Section        0  usbh_ctlreq.o(i.USBH_HandleControl)
    USBH_HandleControl                       0x0800487b   Thumb Code   394  usbh_ctlreq.o(i.USBH_HandleControl)
    i.USBH_HandleEnum                        0x08004a0a   Section        0  usbh_core.o(i.USBH_HandleEnum)
    USBH_HandleEnum                          0x08004a0b   Thumb Code   242  usbh_core.o(i.USBH_HandleEnum)
    i.USBH_Init                              0x08004afc   Section        0  usbh_core.o(i.USBH_Init)
    i.USBH_LL_ClosePipe                      0x08004b2c   Section        0  usbh_conf.o(i.USBH_LL_ClosePipe)
    i.USBH_LL_Connect                        0x08004b4c   Section        0  usbh_core.o(i.USBH_LL_Connect)
    i.USBH_LL_Disconnect                     0x08004b76   Section        0  usbh_core.o(i.USBH_LL_Disconnect)
    i.USBH_LL_DriverVBUS                     0x08004bae   Section        0  usbh_conf.o(i.USBH_LL_DriverVBUS)
    i.USBH_LL_GetLastXferSize                0x08004bc8   Section        0  usbh_conf.o(i.USBH_LL_GetLastXferSize)
    i.USBH_LL_GetSpeed                       0x08004bd0   Section        0  usbh_conf.o(i.USBH_LL_GetSpeed)
    i.USBH_LL_GetURBState                    0x08004bf2   Section        0  usbh_conf.o(i.USBH_LL_GetURBState)
    i.USBH_LL_IncTimer                       0x08004bfa   Section        0  usbh_core.o(i.USBH_LL_IncTimer)
    i.USBH_LL_Init                           0x08004c18   Section        0  usbh_conf.o(i.USBH_LL_Init)
    i.USBH_LL_OpenPipe                       0x08004c80   Section        0  usbh_conf.o(i.USBH_LL_OpenPipe)
    i.USBH_LL_PortDisabled                   0x08004caa   Section        0  usbh_core.o(i.USBH_LL_PortDisabled)
    i.USBH_LL_PortEnabled                    0x08004cb2   Section        0  usbh_core.o(i.USBH_LL_PortEnabled)
    i.USBH_LL_ResetPort                      0x08004cba   Section        0  usbh_conf.o(i.USBH_LL_ResetPort)
    i.USBH_LL_SetTimer                       0x08004cda   Section        0  usbh_core.o(i.USBH_LL_SetTimer)
    i.USBH_LL_SetToggle                      0x08004ce0   Section        0  usbh_conf.o(i.USBH_LL_SetToggle)
    i.USBH_LL_Start                          0x08004d00   Section        0  usbh_conf.o(i.USBH_LL_Start)
    i.USBH_LL_Stop                           0x08004d20   Section        0  usbh_conf.o(i.USBH_LL_Stop)
    i.USBH_LL_SubmitURB                      0x08004d40   Section        0  usbh_conf.o(i.USBH_LL_SubmitURB)
    i.USBH_OpenPipe                          0x08004d70   Section        0  usbh_pipes.o(i.USBH_OpenPipe)
    i.USBH_ParseCfgDesc                      0x08004d84   Section        0  usbh_ctlreq.o(i.USBH_ParseCfgDesc)
    USBH_ParseCfgDesc                        0x08004d85   Thumb Code   220  usbh_ctlreq.o(i.USBH_ParseCfgDesc)
    i.USBH_Process                           0x08004e60   Section        0  usbh_core.o(i.USBH_Process)
    i.USBH_RegisterClass                     0x08005000   Section        0  usbh_core.o(i.USBH_RegisterClass)
    i.USBH_SelectInterface                   0x0800501c   Section        0  usbh_core.o(i.USBH_SelectInterface)
    i.USBH_SetAddress                        0x08005032   Section        0  usbh_ctlreq.o(i.USBH_SetAddress)
    i.USBH_SetCfg                            0x0800504e   Section        0  usbh_ctlreq.o(i.USBH_SetCfg)
    i.USBH_SetFeature                        0x0800506a   Section        0  usbh_ctlreq.o(i.USBH_SetFeature)
    i.USBH_Start                             0x08005086   Section        0  usbh_core.o(i.USBH_Start)
    i.USBH_UserProcess                       0x0800509c   Section        0  usb_host.o(i.USBH_UserProcess)
    USBH_UserProcess                         0x0800509d   Thumb Code    28  usb_host.o(i.USBH_UserProcess)
    i.USB_CoreInit                           0x080050bc   Section        0  stm32l4xx_ll_usb.o(i.USB_CoreInit)
    i.USB_CoreReset                          0x08005110   Section        0  stm32l4xx_ll_usb.o(i.USB_CoreReset)
    USB_CoreReset                            0x08005111   Thumb Code    50  stm32l4xx_ll_usb.o(i.USB_CoreReset)
    i.USB_DisableGlobalInt                   0x08005148   Section        0  stm32l4xx_ll_usb.o(i.USB_DisableGlobalInt)
    i.USB_DriveVbus                          0x08005154   Section        0  stm32l4xx_ll_usb.o(i.USB_DriveVbus)
    i.USB_EnableGlobalInt                    0x08005180   Section        0  stm32l4xx_ll_usb.o(i.USB_EnableGlobalInt)
    i.USB_FlushRxFifo                        0x0800518c   Section        0  stm32l4xx_ll_usb.o(i.USB_FlushRxFifo)
    i.USB_FlushTxFifo                        0x080051ac   Section        0  stm32l4xx_ll_usb.o(i.USB_FlushTxFifo)
    i.USB_GetCurrentFrame                    0x080051d0   Section        0  stm32l4xx_ll_usb.o(i.USB_GetCurrentFrame)
    i.USB_GetHostSpeed                       0x080051d8   Section        0  stm32l4xx_ll_usb.o(i.USB_GetHostSpeed)
    i.USB_GetMode                            0x080051e6   Section        0  stm32l4xx_ll_usb.o(i.USB_GetMode)
    i.USB_HC_Halt                            0x080051ee   Section        0  stm32l4xx_ll_usb.o(i.USB_HC_Halt)
    i.USB_HC_Init                            0x080052b0   Section        0  stm32l4xx_ll_usb.o(i.USB_HC_Init)
    i.USB_HC_ReadInterrupt                   0x08005388   Section        0  stm32l4xx_ll_usb.o(i.USB_HC_ReadInterrupt)
    i.USB_HC_StartXfer                       0x08005390   Section        0  stm32l4xx_ll_usb.o(i.USB_HC_StartXfer)
    i.USB_HostInit                           0x08005498   Section        0  stm32l4xx_ll_usb.o(i.USB_HostInit)
    i.USB_InitFSLSPClkSel                    0x08005560   Section        0  stm32l4xx_ll_usb.o(i.USB_InitFSLSPClkSel)
    i.USB_ReadInterrupts                     0x08005596   Section        0  stm32l4xx_ll_usb.o(i.USB_ReadInterrupts)
    i.USB_ReadPacket                         0x0800559e   Section        0  stm32l4xx_ll_usb.o(i.USB_ReadPacket)
    i.USB_ResetPort                          0x080055ba   Section        0  stm32l4xx_ll_usb.o(i.USB_ResetPort)
    i.USB_SetCurrentMode                     0x080055ec   Section        0  stm32l4xx_ll_usb.o(i.USB_SetCurrentMode)
    i.USB_StopHost                           0x0800561c   Section        0  stm32l4xx_ll_usb.o(i.USB_StopHost)
    i.USB_WritePacket                        0x0800569a   Section        0  stm32l4xx_ll_usb.o(i.USB_WritePacket)
    i.UsageFault_Handler                     0x080056ba   Section        0  stm32l4xx_it.o(i.UsageFault_Handler)
    i._Error_Handler                         0x080056bc   Section        0  main.o(i._Error_Handler)
    i.__scatterload_copy                     0x080056be   Section       14  handlers.o(i.__scatterload_copy)
    i.__scatterload_null                     0x080056cc   Section        2  handlers.o(i.__scatterload_null)
    i.__scatterload_zeroinit                 0x080056ce   Section       14  handlers.o(i.__scatterload_zeroinit)
    i.free                                   0x080056dc   Section        0  malloc.o(i.free)
    i.main                                   0x0800572c   Section        0  main.o(i.main)
    i.malloc                                 0x08005860   Section        0  malloc.o(i.malloc)
    .constdata                               0x080058cc   Section       64  system_stm32l4xx.o(.constdata)
    .constdata                               0x0800590c   Section        8  system_stm32l4xx.o(.constdata)
    .conststring                             0x08005914   Section        4  usbh_cdc.o(.conststring)
    .data                                    0x20000000   Section       12  main.o(.data)
    .data                                    0x2000000c   Section        1  usb_host.o(.data)
    .data                                    0x20000010   Section        4  stm32l4xx_hal_msp.o(.data)
    SAI1_client                              0x20000010   Data           4  stm32l4xx_hal_msp.o(.data)
    .data                                    0x20000014   Section        4  stm32l4xx_ll_usb.o(.data)
    tmpreg                                   0x20000014   Data           4  stm32l4xx_ll_usb.o(.data)
    .data                                    0x20000018   Section        4  stm32l4xx_hal.o(.data)
    .data                                    0x2000001c   Section        4  system_stm32l4xx.o(.data)
    .data                                    0x20000020   Section       32  usbh_cdc.o(.data)
    .data                                    0x20000040   Section        4  mvars.o(.data)
    .data                                    0x20000044   Section        4  mvars.o(.data)
    .bss                                     0x20000048   Section      796  main.o(.bss)
    .bss                                     0x20000364   Section      972  usb_host.o(.bss)
    .bss                                     0x20000730   Section      708  usbh_conf.o(.bss)
    HEAP                                     0x200009f8   Section      512  startup_stm32l476xx.o(HEAP)
    STACK                                    0x20000bf8   Section     1024  startup_stm32l476xx.o(STACK)

    Global Symbols

    Symbol Name                              Value     Ov Type        Size  Object(Section)

    BuildAttributes$$THM_ISAv4$E$P$D$K$B$S$7EM$VFPi3$EXTD16$VFPS$VFMA$PE$A:L22UL41UL21$X:L11$S22US41US21$IEEE1$IW$USESV6$~STKCKD$USESV7$~SHL$OTIME$ROPI$EBA8$MICROLIB$REQ8$PRES8$EABIv2 0x00000000   Number         0  anon$$obj.o ABSOLUTE
    __ARM_use_no_argv                        0x00000000   Number         0  main.o ABSOLUTE
    __cpp_initialize__aeabi_                  - Undefined Weak Reference
    __cxa_finalize                            - Undefined Weak Reference
    __decompress                              - Undefined Weak Reference
    _clock_init                               - Undefined Weak Reference
    _microlib_exit                            - Undefined Weak Reference
    __Vectors_Size                           0x00000188   Number         0  startup_stm32l476xx.o ABSOLUTE
    __Vectors                                0x08000000   Data           4  startup_stm32l476xx.o(RESET)
    __Vectors_End                            0x08000188   Data           0  startup_stm32l476xx.o(RESET)
    __main                                   0x08000189   Thumb Code     0  entry.o(.ARM.Collect$$$$00000000)
    _main_stk                                0x08000189   Thumb Code     0  entry2.o(.ARM.Collect$$$$00000001)
    _main_scatterload                        0x0800018d   Thumb Code     0  entry5.o(.ARM.Collect$$$$00000004)
    __main_after_scatterload                 0x08000191   Thumb Code     0  entry5.o(.ARM.Collect$$$$00000004)
    _main_clock                              0x08000191   Thumb Code     0  entry7b.o(.ARM.Collect$$$$00000008)
    _main_cpp_init                           0x08000191   Thumb Code     0  entry8b.o(.ARM.Collect$$$$0000000A)
    _main_init                               0x08000191   Thumb Code     0  entry9a.o(.ARM.Collect$$$$0000000B)
    __rt_final_cpp                           0x08000199   Thumb Code     0  entry10a.o(.ARM.Collect$$$$0000000D)
    __rt_final_exit                          0x08000199   Thumb Code     0  entry11a.o(.ARM.Collect$$$$0000000F)
    Reset_Handler                            0x0800019d   Thumb Code     8  startup_stm32l476xx.o(.text)
    ADC1_2_IRQHandler                        0x080001b7   Thumb Code     0  startup_stm32l476xx.o(.text)
    ADC3_IRQHandler                          0x080001b7   Thumb Code     0  startup_stm32l476xx.o(.text)
    CAN1_RX0_IRQHandler                      0x080001b7   Thumb Code     0  startup_stm32l476xx.o(.text)
    CAN1_RX1_IRQHandler                      0x080001b7   Thumb Code     0  startup_stm32l476xx.o(.text)
    CAN1_SCE_IRQHandler                      0x080001b7   Thumb Code     0  startup_stm32l476xx.o(.text)
    CAN1_TX_IRQHandler                       0x080001b7   Thumb Code     0  startup_stm32l476xx.o(.text)
    COMP_IRQHandler                          0x080001b7   Thumb Code     0  startup_stm32l476xx.o(.text)
    DFSDM1_FLT0_IRQHandler                   0x080001b7   Thumb Code     0  startup_stm32l476xx.o(.text)
    DFSDM1_FLT1_IRQHandler                   0x080001b7   Thumb Code     0  startup_stm32l476xx.o(.text)
    DFSDM1_FLT2_IRQHandler                   0x080001b7   Thumb Code     0  startup_stm32l476xx.o(.text)
    DFSDM1_FLT3_IRQHandler                   0x080001b7   Thumb Code     0  startup_stm32l476xx.o(.text)
    DMA1_Channel1_IRQHandler                 0x080001b7   Thumb Code     0  startup_stm32l476xx.o(.text)
    DMA1_Channel2_IRQHandler                 0x080001b7   Thumb Code     0  startup_stm32l476xx.o(.text)
    DMA1_Channel3_IRQHandler                 0x080001b7   Thumb Code     0  startup_stm32l476xx.o(.text)
    DMA1_Channel4_IRQHandler                 0x080001b7   Thumb Code     0  startup_stm32l476xx.o(.text)
    DMA1_Channel5_IRQHandler                 0x080001b7   Thumb Code     0  startup_stm32l476xx.o(.text)
    DMA1_Channel6_IRQHandler                 0x080001b7   Thumb Code     0  startup_stm32l476xx.o(.text)
    DMA1_Channel7_IRQHandler                 0x080001b7   Thumb Code     0  startup_stm32l476xx.o(.text)
    DMA2_Channel1_IRQHandler                 0x080001b7   Thumb Code     0  startup_stm32l476xx.o(.text)
    DMA2_Channel2_IRQHandler                 0x080001b7   Thumb Code     0  startup_stm32l476xx.o(.text)
    DMA2_Channel3_IRQHandler                 0x080001b7   Thumb Code     0  startup_stm32l476xx.o(.text)
    DMA2_Channel4_IRQHandler                 0x080001b7   Thumb Code     0  startup_stm32l476xx.o(.text)
    DMA2_Channel5_IRQHandler                 0x080001b7   Thumb Code     0  startup_stm32l476xx.o(.text)
    DMA2_Channel6_IRQHandler                 0x080001b7   Thumb Code     0  startup_stm32l476xx.o(.text)
    DMA2_Channel7_IRQHandler                 0x080001b7   Thumb Code     0  startup_stm32l476xx.o(.text)
    EXTI15_10_IRQHandler                     0x080001b7   Thumb Code     0  startup_stm32l476xx.o(.text)
    EXTI1_IRQHandler                         0x080001b7   Thumb Code     0  startup_stm32l476xx.o(.text)
    EXTI4_IRQHandler                         0x080001b7   Thumb Code     0  startup_stm32l476xx.o(.text)
    FLASH_IRQHandler                         0x080001b7   Thumb Code     0  startup_stm32l476xx.o(.text)
    FMC_IRQHandler                           0x080001b7   Thumb Code     0  startup_stm32l476xx.o(.text)
    FPU_IRQHandler                           0x080001b7   Thumb Code     0  startup_stm32l476xx.o(.text)
    I2C1_ER_IRQHandler                       0x080001b7   Thumb Code     0  startup_stm32l476xx.o(.text)
    I2C1_EV_IRQHandler                       0x080001b7   Thumb Code     0  startup_stm32l476xx.o(.text)
    I2C2_ER_IRQHandler                       0x080001b7   Thumb Code     0  startup_stm32l476xx.o(.text)
    I2C2_EV_IRQHandler                       0x080001b7   Thumb Code     0  startup_stm32l476xx.o(.text)
    I2C3_ER_IRQHandler                       0x080001b7   Thumb Code     0  startup_stm32l476xx.o(.text)
    I2C3_EV_IRQHandler                       0x080001b7   Thumb Code     0  startup_stm32l476xx.o(.text)
    LCD_IRQHandler                           0x080001b7   Thumb Code     0  startup_stm32l476xx.o(.text)
    LPTIM1_IRQHandler                        0x080001b7   Thumb Code     0  startup_stm32l476xx.o(.text)
    LPTIM2_IRQHandler                        0x080001b7   Thumb Code     0  startup_stm32l476xx.o(.text)
    LPUART1_IRQHandler                       0x080001b7   Thumb Code     0  startup_stm32l476xx.o(.text)
    PVD_PVM_IRQHandler                       0x080001b7   Thumb Code     0  startup_stm32l476xx.o(.text)
    QUADSPI_IRQHandler                       0x080001b7   Thumb Code     0  startup_stm32l476xx.o(.text)
    RCC_IRQHandler                           0x080001b7   Thumb Code     0  startup_stm32l476xx.o(.text)
    RNG_IRQHandler                           0x080001b7   Thumb Code     0  startup_stm32l476xx.o(.text)
    RTC_Alarm_IRQHandler                     0x080001b7   Thumb Code     0  startup_stm32l476xx.o(.text)
    RTC_WKUP_IRQHandler                      0x080001b7   Thumb Code     0  startup_stm32l476xx.o(.text)
    SAI1_IRQHandler                          0x080001b7   Thumb Code     0  startup_stm32l476xx.o(.text)
    SAI2_IRQHandler                          0x080001b7   Thumb Code     0  startup_stm32l476xx.o(.text)
    SDMMC1_IRQHandler                        0x080001b7   Thumb Code     0  startup_stm32l476xx.o(.text)
    SPI1_IRQHandler                          0x080001b7   Thumb Code     0  startup_stm32l476xx.o(.text)
    SPI2_IRQHandler                          0x080001b7   Thumb Code     0  startup_stm32l476xx.o(.text)
    SPI3_IRQHandler                          0x080001b7   Thumb Code     0  startup_stm32l476xx.o(.text)
    SWPMI1_IRQHandler                        0x080001b7   Thumb Code     0  startup_stm32l476xx.o(.text)
    TAMP_STAMP_IRQHandler                    0x080001b7   Thumb Code     0  startup_stm32l476xx.o(.text)
    TIM1_BRK_TIM15_IRQHandler                0x080001b7   Thumb Code     0  startup_stm32l476xx.o(.text)
    TIM1_CC_IRQHandler                       0x080001b7   Thumb Code     0  startup_stm32l476xx.o(.text)
    TIM1_TRG_COM_TIM17_IRQHandler            0x080001b7   Thumb Code     0  startup_stm32l476xx.o(.text)
    TIM1_UP_TIM16_IRQHandler                 0x080001b7   Thumb Code     0  startup_stm32l476xx.o(.text)
    TIM2_IRQHandler                          0x080001b7   Thumb Code     0  startup_stm32l476xx.o(.text)
    TIM3_IRQHandler                          0x080001b7   Thumb Code     0  startup_stm32l476xx.o(.text)
    TIM4_IRQHandler                          0x080001b7   Thumb Code     0  startup_stm32l476xx.o(.text)
    TIM5_IRQHandler                          0x080001b7   Thumb Code     0  startup_stm32l476xx.o(.text)
    TIM6_DAC_IRQHandler                      0x080001b7   Thumb Code     0  startup_stm32l476xx.o(.text)
    TIM7_IRQHandler                          0x080001b7   Thumb Code     0  startup_stm32l476xx.o(.text)
    TIM8_BRK_IRQHandler                      0x080001b7   Thumb Code     0  startup_stm32l476xx.o(.text)
    TIM8_CC_IRQHandler                       0x080001b7   Thumb Code     0  startup_stm32l476xx.o(.text)
    TIM8_TRG_COM_IRQHandler                  0x080001b7   Thumb Code     0  startup_stm32l476xx.o(.text)
    TIM8_UP_IRQHandler                       0x080001b7   Thumb Code     0  startup_stm32l476xx.o(.text)
    TSC_IRQHandler                           0x080001b7   Thumb Code     0  startup_stm32l476xx.o(.text)
    UART4_IRQHandler                         0x080001b7   Thumb Code     0  startup_stm32l476xx.o(.text)
    UART5_IRQHandler                         0x080001b7   Thumb Code     0  startup_stm32l476xx.o(.text)
    USART1_IRQHandler                        0x080001b7   Thumb Code     0  startup_stm32l476xx.o(.text)
    USART2_IRQHandler                        0x080001b7   Thumb Code     0  startup_stm32l476xx.o(.text)
    USART3_IRQHandler                        0x080001b7   Thumb Code     0  startup_stm32l476xx.o(.text)
    WWDG_IRQHandler                          0x080001b7   Thumb Code     0  startup_stm32l476xx.o(.text)
    __aeabi_uldivmod                         0x080001c1   Thumb Code    98  uldiv.o(.text)
    __aeabi_memcpy                           0x08000229   Thumb Code    36  memcpya.o(.text)
    __aeabi_memcpy4                          0x08000229   Thumb Code     0  memcpya.o(.text)
    __aeabi_memcpy8                          0x08000229   Thumb Code     0  memcpya.o(.text)
    __aeabi_dmul                             0x0800024d   Thumb Code   228  dmul.o(.text)
    __aeabi_ui2d                             0x08000337   Thumb Code    26  dfltui.o(.text)
    __aeabi_d2f                              0x08000351   Thumb Code    56  d2f.o(.text)
    __aeabi_llsl                             0x08000389   Thumb Code    30  llshl.o(.text)
    _ll_shift_l                              0x08000389   Thumb Code     0  llshl.o(.text)
    __aeabi_llsr                             0x080003a7   Thumb Code    32  llushr.o(.text)
    _ll_ushift_r                             0x080003a7   Thumb Code     0  llushr.o(.text)
    __I$use$fp                               0x080003c7   Thumb Code     0  iusefp.o(.text)
    _float_round                             0x080003c7   Thumb Code    18  fepilogue.o(.text)
    _float_epilogue                          0x080003d9   Thumb Code    92  fepilogue.o(.text)
    _double_round                            0x08000435   Thumb Code    30  depilogue.o(.text)
    _double_epilogue                         0x08000453   Thumb Code   156  depilogue.o(.text)
    __scatterload                            0x080004f1   Thumb Code    28  init.o(.text)
    __scatterload_rt2                        0x080004f1   Thumb Code     0  init.o(.text)
    ADC_Enable                               0x08000515   Thumb Code   100  stm32l4xx_hal_adc.o(i.ADC_Enable)
    BusFault_Handler                         0x0800057d   Thumb Code     2  stm32l4xx_it.o(i.BusFault_Handler)
    DebugMon_Handler                         0x080006a5   Thumb Code     2  stm32l4xx_it.o(i.DebugMon_Handler)
    EXTI0_IRQHandler                         0x080006a9   Thumb Code    22  stm32l4xx_it.o(i.EXTI0_IRQHandler)
    EXTI2_IRQHandler                         0x080006c5   Thumb Code    22  stm32l4xx_it.o(i.EXTI2_IRQHandler)
    EXTI3_IRQHandler                         0x080006e1   Thumb Code    22  stm32l4xx_it.o(i.EXTI3_IRQHandler)
    EXTI9_5_IRQHandler                       0x080006fd   Thumb Code    22  stm32l4xx_it.o(i.EXTI9_5_IRQHandler)
    HAL_ADCEx_MultiModeConfigChannel         0x08000731   Thumb Code   222  stm32l4xx_hal_adc_ex.o(i.HAL_ADCEx_MultiModeConfigChannel)
    HAL_ADC_ConfigChannel                    0x08000821   Thumb Code   968  stm32l4xx_hal_adc.o(i.HAL_ADC_ConfigChannel)
    HAL_ADC_GetValue                         0x08000c1f   Thumb Code     6  stm32l4xx_hal_adc.o(i.HAL_ADC_GetValue)
    HAL_ADC_Init                             0x08000c25   Thumb Code   416  stm32l4xx_hal_adc.o(i.HAL_ADC_Init)
    HAL_ADC_MspInit                          0x08000ded   Thumb Code    56  stm32l4xx_hal_msp.o(i.HAL_ADC_MspInit)
    HAL_ADC_PollForConversion                0x08000e2d   Thumb Code   234  stm32l4xx_hal_adc.o(i.HAL_ADC_PollForConversion)
    HAL_ADC_Start                            0x08000f25   Thumb Code   228  stm32l4xx_hal_adc.o(i.HAL_ADC_Start)
    HAL_Delay                                0x08001019   Thumb Code    28  stm32l4xx_hal.o(i.HAL_Delay)
    HAL_GPIO_EXTI_Callback                   0x08001035   Thumb Code     2  stm32l4xx_hal_gpio.o(i.HAL_GPIO_EXTI_Callback)
    HAL_GPIO_EXTI_IRQHandler                 0x08001039   Thumb Code    18  stm32l4xx_hal_gpio.o(i.HAL_GPIO_EXTI_IRQHandler)
    HAL_GPIO_Init                            0x08001051   Thumb Code   414  stm32l4xx_hal_gpio.o(i.HAL_GPIO_Init)
    HAL_GPIO_WritePin                        0x0800121b   Thumb Code    10  stm32l4xx_hal_gpio.o(i.HAL_GPIO_WritePin)
    HAL_GetTick                              0x08001225   Thumb Code     6  stm32l4xx_hal.o(i.HAL_GetTick)
    HAL_HCD_Connect_Callback                 0x08001231   Thumb Code     8  usbh_conf.o(i.HAL_HCD_Connect_Callback)
    HAL_HCD_Disconnect_Callback              0x08001239   Thumb Code     8  usbh_conf.o(i.HAL_HCD_Disconnect_Callback)
    HAL_HCD_GetCurrentFrame                  0x08001241   Thumb Code     6  stm32l4xx_hal_hcd.o(i.HAL_HCD_GetCurrentFrame)
    HAL_HCD_GetCurrentSpeed                  0x08001247   Thumb Code     6  stm32l4xx_hal_hcd.o(i.HAL_HCD_GetCurrentSpeed)
    HAL_HCD_HC_GetURBState                   0x0800124d   Thumb Code    14  stm32l4xx_hal_hcd.o(i.HAL_HCD_HC_GetURBState)
    HAL_HCD_HC_GetXferCount                  0x0800125b   Thumb Code    12  stm32l4xx_hal_hcd.o(i.HAL_HCD_HC_GetXferCount)
    HAL_HCD_HC_Halt                          0x08001267   Thumb Code    36  stm32l4xx_hal_hcd.o(i.HAL_HCD_HC_Halt)
    HAL_HCD_HC_Init                          0x0800128b   Thumb Code   114  stm32l4xx_hal_hcd.o(i.HAL_HCD_HC_Init)
    HAL_HCD_HC_NotifyURBChange_Callback      0x08001303   Thumb Code     2  usbh_conf.o(i.HAL_HCD_HC_NotifyURBChange_Callback)
    HAL_HCD_HC_SubmitRequest                 0x08001305   Thumb Code   140  stm32l4xx_hal_hcd.o(i.HAL_HCD_HC_SubmitRequest)
    HAL_HCD_IRQHandler                       0x08001391   Thumb Code   306  stm32l4xx_hal_hcd.o(i.HAL_HCD_IRQHandler)
    HAL_HCD_Init                             0x080014c3   Thumb Code   104  stm32l4xx_hal_hcd.o(i.HAL_HCD_Init)
    HAL_HCD_MspInit                          0x0800152d   Thumb Code   122  usbh_conf.o(i.HAL_HCD_MspInit)
    HAL_HCD_PortDisabled_Callback            0x080015ad   Thumb Code     8  usbh_conf.o(i.HAL_HCD_PortDisabled_Callback)
    HAL_HCD_PortEnabled_Callback             0x080015b5   Thumb Code     8  usbh_conf.o(i.HAL_HCD_PortEnabled_Callback)
    HAL_HCD_ResetPort                        0x080015bd   Thumb Code     6  stm32l4xx_hal_hcd.o(i.HAL_HCD_ResetPort)
    HAL_HCD_SOF_Callback                     0x080015c3   Thumb Code     8  usbh_conf.o(i.HAL_HCD_SOF_Callback)
    HAL_HCD_Start                            0x080015cb   Thumb Code    44  stm32l4xx_hal_hcd.o(i.HAL_HCD_Start)
    HAL_HCD_Stop                             0x080015f7   Thumb Code    36  stm32l4xx_hal_hcd.o(i.HAL_HCD_Stop)
    HAL_I2CEx_ConfigAnalogFilter             0x0800161b   Thumb Code    86  stm32l4xx_hal_i2c_ex.o(i.HAL_I2CEx_ConfigAnalogFilter)
    HAL_I2CEx_ConfigDigitalFilter            0x08001671   Thumb Code    82  stm32l4xx_hal_i2c_ex.o(i.HAL_I2CEx_ConfigDigitalFilter)
    HAL_I2C_Init                             0x080016c5   Thumb Code   178  stm32l4xx_hal_i2c.o(i.HAL_I2C_Init)
    HAL_I2C_MspInit                          0x0800177d   Thumb Code    92  stm32l4xx_hal_msp.o(i.HAL_I2C_MspInit)
    HAL_IncTick                              0x080017e9   Thumb Code    10  stm32l4xx_hal.o(i.HAL_IncTick)
    HAL_Init                                 0x080017f9   Thumb Code    40  stm32l4xx_hal.o(i.HAL_Init)
    HAL_InitTick                             0x08001825   Thumb Code    42  stm32l4xx_hal.o(i.HAL_InitTick)
    HAL_LCD_Init                             0x08001855   Thumb Code   248  stm32l4xx_hal_lcd.o(i.HAL_LCD_Init)
    HAL_LCD_MspInit                          0x08001951   Thumb Code   130  stm32l4xx_hal_msp.o(i.HAL_LCD_MspInit)
    HAL_LCD_UpdateDisplayRequest             0x080019e9   Thumb Code    84  stm32l4xx_hal_lcd.o(i.HAL_LCD_UpdateDisplayRequest)
    HAL_LCD_Write                            0x08001a3d   Thumb Code   136  stm32l4xx_hal_lcd.o(i.HAL_LCD_Write)
    HAL_MspInit                              0x08001ac5   Thumb Code   122  stm32l4xx_hal_msp.o(i.HAL_MspInit)
    HAL_NVIC_EnableIRQ                       0x08001b45   Thumb Code    22  stm32l4xx_hal_cortex.o(i.HAL_NVIC_EnableIRQ)
    HAL_NVIC_SetPriority                     0x08001b5d   Thumb Code    60  stm32l4xx_hal_cortex.o(i.HAL_NVIC_SetPriority)
    HAL_NVIC_SetPriorityGrouping             0x08001b9d   Thumb Code    26  stm32l4xx_hal_cortex.o(i.HAL_NVIC_SetPriorityGrouping)
    HAL_PWREx_ControlVoltageScaling          0x08001bc1   Thumb Code    90  stm32l4xx_hal_pwr_ex.o(i.HAL_PWREx_ControlVoltageScaling)
    HAL_PWREx_EnableVddUSB                   0x08001c29   Thumb Code    12  stm32l4xx_hal_pwr_ex.o(i.HAL_PWREx_EnableVddUSB)
    HAL_PWREx_GetVoltageRange                0x08001c39   Thumb Code    10  stm32l4xx_hal_pwr_ex.o(i.HAL_PWREx_GetVoltageRange)
    HAL_PWR_EnableBkUpAccess                 0x08001c49   Thumb Code    12  stm32l4xx_hal_pwr.o(i.HAL_PWR_EnableBkUpAccess)
    HAL_RCCEx_EnableMSIPLLMode               0x08001c59   Thumb Code    12  stm32l4xx_hal_rcc_ex.o(i.HAL_RCCEx_EnableMSIPLLMode)
    HAL_RCCEx_GetPeriphCLKFreq               0x08001c69   Thumb Code   910  stm32l4xx_hal_rcc_ex.o(i.HAL_RCCEx_GetPeriphCLKFreq)
    HAL_RCCEx_PeriphCLKConfig                0x0800203d   Thumb Code   928  stm32l4xx_hal_rcc_ex.o(i.HAL_RCCEx_PeriphCLKConfig)
    HAL_RCC_ClockConfig                      0x080023ed   Thumb Code   264  stm32l4xx_hal_rcc.o(i.HAL_RCC_ClockConfig)
    HAL_RCC_GetHCLKFreq                      0x08002505   Thumb Code     6  stm32l4xx_hal_rcc.o(i.HAL_RCC_GetHCLKFreq)
    HAL_RCC_GetPCLK1Freq                     0x08002511   Thumb Code    24  stm32l4xx_hal_rcc.o(i.HAL_RCC_GetPCLK1Freq)
    HAL_RCC_GetPCLK2Freq                     0x08002535   Thumb Code    24  stm32l4xx_hal_rcc.o(i.HAL_RCC_GetPCLK2Freq)
    HAL_RCC_GetSysClockFreq                  0x08002559   Thumb Code   152  stm32l4xx_hal_rcc.o(i.HAL_RCC_GetSysClockFreq)
    HAL_RCC_OscConfig                        0x080025fd   Thumb Code  1118  stm32l4xx_hal_rcc.o(i.HAL_RCC_OscConfig)
    HAL_SAI_Init                             0x08002a61   Thumb Code   420  stm32l4xx_hal_sai.o(i.HAL_SAI_Init)
    HAL_SAI_MspInit                          0x08002c15   Thumb Code   168  stm32l4xx_hal_msp.o(i.HAL_SAI_MspInit)
    HAL_SPI_Init                             0x08002cd3   Thumb Code   172  stm32l4xx_hal_spi.o(i.HAL_SPI_Init)
    HAL_SPI_MspInit                          0x08002d81   Thumb Code    62  stm32l4xx_hal_msp.o(i.HAL_SPI_MspInit)
    HAL_SYSTICK_CLKSourceConfig              0x08002dcd   Thumb Code    24  stm32l4xx_hal_cortex.o(i.HAL_SYSTICK_CLKSourceConfig)
    HAL_SYSTICK_Callback                     0x08002de5   Thumb Code     2  stm32l4xx_hal_cortex.o(i.HAL_SYSTICK_Callback)
    HAL_SYSTICK_Config                       0x08002de7   Thumb Code    40  stm32l4xx_hal_cortex.o(i.HAL_SYSTICK_Config)
    HAL_SYSTICK_IRQHandler                   0x08002e0f   Thumb Code     8  stm32l4xx_hal_cortex.o(i.HAL_SYSTICK_IRQHandler)
    HAL_UART_Init                            0x08002e17   Thumb Code   106  stm32l4xx_hal_uart.o(i.HAL_UART_Init)
    HAL_UART_MspInit                         0x08002e81   Thumb Code    62  stm32l4xx_hal_msp.o(i.HAL_UART_MspInit)
    HardFault_Handler                        0x08003469   Thumb Code     2  stm32l4xx_it.o(i.HardFault_Handler)
    LCD_WaitForSynchro                       0x0800346b   Thumb Code    48  stm32l4xx_hal_lcd.o(i.LCD_WaitForSynchro)
    MX_DriverVbusFS                          0x08003579   Thumb Code    18  usbh_platform.o(i.MX_DriverVbusFS)
    MX_USB_HOST_Init                         0x0800399d   Thumb Code    30  usb_host.o(i.MX_USB_HOST_Init)
    MX_USB_HOST_Process                      0x080039c9   Thumb Code     6  usb_host.o(i.MX_USB_HOST_Process)
    MemManage_Handler                        0x080039d5   Thumb Code     2  stm32l4xx_it.o(i.MemManage_Handler)
    NMI_Handler                              0x080039d7   Thumb Code     2  stm32l4xx_it.o(i.NMI_Handler)
    OTG_FS_IRQHandler                        0x080039f9   Thumb Code     6  stm32l4xx_it.o(i.OTG_FS_IRQHandler)
    PendSV_Handler                           0x08003a05   Thumb Code     2  stm32l4xx_it.o(i.PendSV_Handler)
    SVC_Handler                              0x08003dc9   Thumb Code     2  stm32l4xx_it.o(i.SVC_Handler)
    SysTick_Handler                          0x08003dcb   Thumb Code    14  stm32l4xx_it.o(i.SysTick_Handler)
    SystemClock_Config                       0x08003dd9   Thumb Code   200  main.o(i.SystemClock_Config)
    SystemInit                               0x08003ead   Thumb Code    56  system_stm32l4xx.o(i.SystemInit)
    UART_AdvFeatureConfig                    0x08003ef1   Thumb Code   200  stm32l4xx_hal_uart.o(i.UART_AdvFeatureConfig)
    UART_CheckIdleState                      0x08003fb9   Thumb Code    92  stm32l4xx_hal_uart.o(i.UART_CheckIdleState)
    UART_SetConfig                           0x08004015   Thumb Code   622  stm32l4xx_hal_uart.o(i.UART_SetConfig)
    UART_WaitOnFlagUntilTimeout              0x080042b5   Thumb Code   100  stm32l4xx_hal_uart.o(i.UART_WaitOnFlagUntilTimeout)
    USBH_AllocPipe                           0x08004319   Thumb Code    52  usbh_pipes.o(i.USBH_AllocPipe)
    USBH_BulkReceiveData                     0x0800434d   Thumb Code    32  usbh_ioreq.o(i.USBH_BulkReceiveData)
    USBH_BulkSendData                        0x0800436d   Thumb Code    40  usbh_ioreq.o(i.USBH_BulkSendData)
    USBH_CDC_LineCodingChanged               0x0800454b   Thumb Code     2  usbh_cdc.o(i.USBH_CDC_LineCodingChanged)
    USBH_CDC_ReceiveCallback                 0x08004605   Thumb Code     2  usbh_cdc.o(i.USBH_CDC_ReceiveCallback)
    USBH_CDC_TransmitCallback                0x0800460b   Thumb Code     2  usbh_cdc.o(i.USBH_CDC_TransmitCallback)
    USBH_ClosePipe                           0x0800460d   Thumb Code    10  usbh_pipes.o(i.USBH_ClosePipe)
    USBH_ClrFeature                          0x08004617   Thumb Code    30  usbh_ctlreq.o(i.USBH_ClrFeature)
    USBH_CtlReceiveData                      0x08004635   Thumb Code    30  usbh_ioreq.o(i.USBH_CtlReceiveData)
    USBH_CtlReq                              0x08004653   Thumb Code    58  usbh_ctlreq.o(i.USBH_CtlReq)
    USBH_CtlSendData                         0x0800468d   Thumb Code    40  usbh_ioreq.o(i.USBH_CtlSendData)
    USBH_CtlSendSetup                        0x080046b5   Thumb Code    30  usbh_ioreq.o(i.USBH_CtlSendSetup)
    USBH_Delay                               0x080046d3   Thumb Code     4  usbh_conf.o(i.USBH_Delay)
    USBH_FindInterface                       0x080046d9   Thumb Code    68  usbh_core.o(i.USBH_FindInterface)
    USBH_FreePipe                            0x0800471d   Thumb Code    24  usbh_pipes.o(i.USBH_FreePipe)
    USBH_GetDescriptor                       0x08004735   Thumb Code    52  usbh_ctlreq.o(i.USBH_GetDescriptor)
    USBH_GetNextDesc                         0x08004769   Thumb Code    14  usbh_ctlreq.o(i.USBH_GetNextDesc)
    USBH_Get_CfgDesc                         0x08004777   Thumb Code    44  usbh_ctlreq.o(i.USBH_Get_CfgDesc)
    USBH_Get_DevDesc                         0x080047a3   Thumb Code   144  usbh_ctlreq.o(i.USBH_Get_DevDesc)
    USBH_Get_StringDesc                      0x08004833   Thumb Code    72  usbh_ctlreq.o(i.USBH_Get_StringDesc)
    USBH_Init                                0x08004afd   Thumb Code    48  usbh_core.o(i.USBH_Init)
    USBH_LL_ClosePipe                        0x08004b2d   Thumb Code    32  usbh_conf.o(i.USBH_LL_ClosePipe)
    USBH_LL_Connect                          0x08004b4d   Thumb Code    42  usbh_core.o(i.USBH_LL_Connect)
    USBH_LL_Disconnect                       0x08004b77   Thumb Code    56  usbh_core.o(i.USBH_LL_Disconnect)
    USBH_LL_DriverVBUS                       0x08004baf   Thumb Code    26  usbh_conf.o(i.USBH_LL_DriverVBUS)
    USBH_LL_GetLastXferSize                  0x08004bc9   Thumb Code     8  usbh_conf.o(i.USBH_LL_GetLastXferSize)
    USBH_LL_GetSpeed                         0x08004bd1   Thumb Code    34  usbh_conf.o(i.USBH_LL_GetSpeed)
    USBH_LL_GetURBState                      0x08004bf3   Thumb Code     8  usbh_conf.o(i.USBH_LL_GetURBState)
    USBH_LL_IncTimer                         0x08004bfb   Thumb Code    30  usbh_core.o(i.USBH_LL_IncTimer)
    USBH_LL_Init                             0x08004c19   Thumb Code    80  usbh_conf.o(i.USBH_LL_Init)
    USBH_LL_OpenPipe                         0x08004c81   Thumb Code    42  usbh_conf.o(i.USBH_LL_OpenPipe)
    USBH_LL_PortDisabled                     0x08004cab   Thumb Code     8  usbh_core.o(i.USBH_LL_PortDisabled)
    USBH_LL_PortEnabled                      0x08004cb3   Thumb Code     8  usbh_core.o(i.USBH_LL_PortEnabled)
    USBH_LL_ResetPort                        0x08004cbb   Thumb Code    32  usbh_conf.o(i.USBH_LL_ResetPort)
    USBH_LL_SetTimer                         0x08004cdb   Thumb Code     6  usbh_core.o(i.USBH_LL_SetTimer)
    USBH_LL_SetToggle                        0x08004ce1   Thumb Code    32  usbh_conf.o(i.USBH_LL_SetToggle)
    USBH_LL_Start                            0x08004d01   Thumb Code    32  usbh_conf.o(i.USBH_LL_Start)
    USBH_LL_Stop                             0x08004d21   Thumb Code    32  usbh_conf.o(i.USBH_LL_Stop)
    USBH_LL_SubmitURB                        0x08004d41   Thumb Code    48  usbh_conf.o(i.USBH_LL_SubmitURB)
    USBH_OpenPipe                            0x08004d71   Thumb Code    20  usbh_pipes.o(i.USBH_OpenPipe)
    USBH_Process                             0x08004e61   Thumb Code   416  usbh_core.o(i.USBH_Process)
    USBH_RegisterClass                       0x08005001   Thumb Code    28  usbh_core.o(i.USBH_RegisterClass)
    USBH_SelectInterface                     0x0800501d   Thumb Code    22  usbh_core.o(i.USBH_SelectInterface)
    USBH_SetAddress                          0x08005033   Thumb Code    28  usbh_ctlreq.o(i.USBH_SetAddress)
    USBH_SetCfg                              0x0800504f   Thumb Code    28  usbh_ctlreq.o(i.USBH_SetCfg)
    USBH_SetFeature                          0x0800506b   Thumb Code    28  usbh_ctlreq.o(i.USBH_SetFeature)
    USBH_Start                               0x08005087   Thumb Code    20  usbh_core.o(i.USBH_Start)
    USB_CoreInit                             0x080050bd   Thumb Code    80  stm32l4xx_ll_usb.o(i.USB_CoreInit)
    USB_DisableGlobalInt                     0x08005149   Thumb Code    12  stm32l4xx_ll_usb.o(i.USB_DisableGlobalInt)
    USB_DriveVbus                            0x08005155   Thumb Code    44  stm32l4xx_ll_usb.o(i.USB_DriveVbus)
    USB_EnableGlobalInt                      0x08005181   Thumb Code    12  stm32l4xx_ll_usb.o(i.USB_EnableGlobalInt)
    USB_FlushRxFifo                          0x0800518d   Thumb Code    28  stm32l4xx_ll_usb.o(i.USB_FlushRxFifo)
    USB_FlushTxFifo                          0x080051ad   Thumb Code    32  stm32l4xx_ll_usb.o(i.USB_FlushTxFifo)
    USB_GetCurrentFrame                      0x080051d1   Thumb Code     8  stm32l4xx_ll_usb.o(i.USB_GetCurrentFrame)
    USB_GetHostSpeed                         0x080051d9   Thumb Code    14  stm32l4xx_ll_usb.o(i.USB_GetHostSpeed)
    USB_GetMode                              0x080051e7   Thumb Code     8  stm32l4xx_ll_usb.o(i.USB_GetMode)
    USB_HC_Halt                              0x080051ef   Thumb Code   194  stm32l4xx_ll_usb.o(i.USB_HC_Halt)
    USB_HC_Init                              0x080052b1   Thumb Code   216  stm32l4xx_ll_usb.o(i.USB_HC_Init)
    USB_HC_ReadInterrupt                     0x08005389   Thumb Code     8  stm32l4xx_ll_usb.o(i.USB_HC_ReadInterrupt)
    USB_HC_StartXfer                         0x08005391   Thumb Code   260  stm32l4xx_ll_usb.o(i.USB_HC_StartXfer)
    USB_HostInit                             0x08005499   Thumb Code   178  stm32l4xx_ll_usb.o(i.USB_HostInit)
    USB_InitFSLSPClkSel                      0x08005561   Thumb Code    54  stm32l4xx_ll_usb.o(i.USB_InitFSLSPClkSel)
    USB_ReadInterrupts                       0x08005597   Thumb Code     8  stm32l4xx_ll_usb.o(i.USB_ReadInterrupts)
    USB_ReadPacket                           0x0800559f   Thumb Code    28  stm32l4xx_ll_usb.o(i.USB_ReadPacket)
    USB_ResetPort                            0x080055bb   Thumb Code    50  stm32l4xx_ll_usb.o(i.USB_ResetPort)
    USB_SetCurrentMode                       0x080055ed   Thumb Code    46  stm32l4xx_ll_usb.o(i.USB_SetCurrentMode)
    USB_StopHost                             0x0800561d   Thumb Code   126  stm32l4xx_ll_usb.o(i.USB_StopHost)
    USB_WritePacket                          0x0800569b   Thumb Code    32  stm32l4xx_ll_usb.o(i.USB_WritePacket)
    UsageFault_Handler                       0x080056bb   Thumb Code     2  stm32l4xx_it.o(i.UsageFault_Handler)
    _Error_Handler                           0x080056bd   Thumb Code     2  main.o(i._Error_Handler)
    __scatterload_copy                       0x080056bf   Thumb Code    14  handlers.o(i.__scatterload_copy)
    __scatterload_null                       0x080056cd   Thumb Code     2  handlers.o(i.__scatterload_null)
    __scatterload_zeroinit                   0x080056cf   Thumb Code    14  handlers.o(i.__scatterload_zeroinit)
    free                                     0x080056dd   Thumb Code    76  malloc.o(i.free)
    main                                     0x0800572d   Thumb Code   282  main.o(i.main)
    malloc                                   0x08005861   Thumb Code    92  malloc.o(i.malloc)
    AHBPrescTable                            0x080058cc   Data          16  system_stm32l4xx.o(.constdata)
    MSIRangeTable                            0x080058dc   Data          48  system_stm32l4xx.o(.constdata)
    APBPrescTable                            0x0800590c   Data           8  system_stm32l4xx.o(.constdata)
    Region$$Table$$Base                      0x08005918   Number         0  anon$$obj.o(Region$$Table)
    Region$$Table$$Limit                     0x08005938   Number         0  anon$$obj.o(Region$$Table)
    setval                                   0x20000000   Data           4  main.o(.data)
    adcval                                   0x20000004   Data           4  main.o(.data)
    measval                                  0x20000008   Data           4  main.o(.data)
    Appli_state                              0x2000000c   Data           1  usb_host.o(.data)
    uwTick                                   0x20000018   Data           4  stm32l4xx_hal.o(.data)
    SystemCoreClock                          0x2000001c   Data           4  system_stm32l4xx.o(.data)
    CDC_Class                                0x20000020   Data          32  usbh_cdc.o(.data)
    __microlib_freelist                      0x20000040   Data           4  mvars.o(.data)
    __microlib_freelist_initialised          0x20000044   Data           4  mvars.o(.data)
    hadc1                                    0x20000048   Data         100  main.o(.bss)
    hi2c1                                    0x200000ac   Data          76  main.o(.bss)
    hi2c2                                    0x200000f8   Data          76  main.o(.bss)
    hlcd                                     0x20000144   Data          60  main.o(.bss)
    hsai_BlockA1                             0x20000180   Data         132  main.o(.bss)
    hsai_BlockB1                             0x20000204   Data         132  main.o(.bss)
    hspi2                                    0x20000288   Data         100  main.o(.bss)
    huart2                                   0x200002ec   Data         120  main.o(.bss)
    hUsbHostFS                               0x20000364   Data         972  usb_host.o(.bss)
    hhcd_USB_OTG_FS                          0x20000730   Data         708  usbh_conf.o(.bss)
    __heap_base                              0x200009f8   Data           0  startup_stm32l476xx.o(HEAP)
    __heap_limit                             0x20000bf8   Data           0  startup_stm32l476xx.o(HEAP)
    __initial_sp                             0x20000ff8   Data           0  startup_stm32l476xx.o(STACK)



==============================================================================

Memory Map of the image

  Image Entry point : 0x08000189

  Load Region LR_IROM1 (Base: 0x08000000, Size: 0x00005980, Max: 0x00100000, ABSOLUTE)

    Execution Region ER_IROM1 (Exec base: 0x08000000, Load base: 0x08000000, Size: 0x00005938, Max: 0x00100000, ABSOLUTE)

    Exec Addr    Load Addr    Size         Type   Attr      Idx    E Section Name        Object

    0x08000000   0x08000000   0x00000188   Data   RO            3    RESET               startup_stm32l476xx.o
    0x08000188   0x08000188   0x00000000   Code   RO         5224  * .ARM.Collect$$$$00000000  mc_w.l(entry.o)
    0x08000188   0x08000188   0x00000004   Code   RO         5267    .ARM.Collect$$$$00000001  mc_w.l(entry2.o)
    0x0800018c   0x0800018c   0x00000004   Code   RO         5270    .ARM.Collect$$$$00000004  mc_w.l(entry5.o)
    0x08000190   0x08000190   0x00000000   Code   RO         5272    .ARM.Collect$$$$00000008  mc_w.l(entry7b.o)
    0x08000190   0x08000190   0x00000000   Code   RO         5274    .ARM.Collect$$$$0000000A  mc_w.l(entry8b.o)
    0x08000190   0x08000190   0x00000008   Code   RO         5275    .ARM.Collect$$$$0000000B  mc_w.l(entry9a.o)
    0x08000198   0x08000198   0x00000000   Code   RO         5277    .ARM.Collect$$$$0000000D  mc_w.l(entry10a.o)
    0x08000198   0x08000198   0x00000000   Code   RO         5279    .ARM.Collect$$$$0000000F  mc_w.l(entry11a.o)
    0x08000198   0x08000198   0x00000004   Code   RO         5268    .ARM.Collect$$$$00002712  mc_w.l(entry2.o)
    0x0800019c   0x0800019c   0x00000024   Code   RO            4    .text               startup_stm32l476xx.o
    0x080001c0   0x080001c0   0x00000068   Code   RO         5227    .text               mc_w.l(uldiv.o)
    0x08000228   0x08000228   0x00000024   Code   RO         5229    .text               mc_w.l(memcpya.o)
    0x0800024c   0x0800024c   0x000000ea   Code   RO         5261    .text               mf_w.l(dmul.o)
    0x08000336   0x08000336   0x0000001a   Code   RO         5263    .text               mf_w.l(dfltui.o)
    0x08000350   0x08000350   0x00000038   Code   RO         5265    .text               mf_w.l(d2f.o)
    0x08000388   0x08000388   0x0000001e   Code   RO         5281    .text               mc_w.l(llshl.o)
    0x080003a6   0x080003a6   0x00000020   Code   RO         5283    .text               mc_w.l(llushr.o)
    0x080003c6   0x080003c6   0x00000000   Code   RO         5287    .text               mc_w.l(iusefp.o)
    0x080003c6   0x080003c6   0x0000006e   Code   RO         5288    .text               mf_w.l(fepilogue.o)
    0x08000434   0x08000434   0x000000ba   Code   RO         5290    .text               mf_w.l(depilogue.o)
    0x080004ee   0x080004ee   0x00000002   PAD
    0x080004f0   0x080004f0   0x00000024   Code   RO         5292    .text               mc_w.l(init.o)
    0x08000514   0x08000514   0x00000068   Code   RO         1269    i.ADC_Enable        stm32l4xx_hal_adc.o
    0x0800057c   0x0800057c   0x00000002   Code   RO          498    i.BusFault_Handler  stm32l4xx_it.o
    0x0800057e   0x0800057e   0x00000002   PAD
    0x08000580   0x08000580   0x00000068   Code   RO         5108    i.CDC_ProcessReception  usbh_cdc.o
    0x080005e8   0x080005e8   0x00000072   Code   RO         5109    i.CDC_ProcessTransmission  usbh_cdc.o
    0x0800065a   0x0800065a   0x00000002   PAD
    0x0800065c   0x0800065c   0x00000048   Code   RO         4766    i.DeInitStateMachine  usbh_core.o
    0x080006a4   0x080006a4   0x00000002   Code   RO          499    i.DebugMon_Handler  stm32l4xx_it.o
    0x080006a6   0x080006a6   0x00000002   PAD
    0x080006a8   0x080006a8   0x0000001c   Code   RO          500    i.EXTI0_IRQHandler  stm32l4xx_it.o
    0x080006c4   0x080006c4   0x0000001c   Code   RO          501    i.EXTI2_IRQHandler  stm32l4xx_it.o
    0x080006e0   0x080006e0   0x0000001c   Code   RO          502    i.EXTI3_IRQHandler  stm32l4xx_it.o
    0x080006fc   0x080006fc   0x0000001c   Code   RO          503    i.EXTI9_5_IRQHandler  stm32l4xx_it.o
    0x08000718   0x08000718   0x00000016   Code   RO         5110    i.GetLineCoding     usbh_cdc.o
    0x0800072e   0x0800072e   0x00000002   PAD
    0x08000730   0x08000730   0x000000f0   Code   RO         1512    i.HAL_ADCEx_MultiModeConfigChannel  stm32l4xx_hal_adc_ex.o
    0x08000820   0x08000820   0x000003fe   Code   RO         1271    i.HAL_ADC_ConfigChannel  stm32l4xx_hal_adc.o
    0x08000c1e   0x08000c1e   0x00000006   Code   RO         1278    i.HAL_ADC_GetValue  stm32l4xx_hal_adc.o
    0x08000c24   0x08000c24   0x000001c8   Code   RO         1280    i.HAL_ADC_Init      stm32l4xx_hal_adc.o
    0x08000dec   0x08000dec   0x00000040   Code   RO          605    i.HAL_ADC_MspInit   stm32l4xx_hal_msp.o
    0x08000e2c   0x08000e2c   0x000000f8   Code   RO         1284    i.HAL_ADC_PollForConversion  stm32l4xx_hal_adc.o
    0x08000f24   0x08000f24   0x000000f4   Code   RO         1286    i.HAL_ADC_Start     stm32l4xx_hal_adc.o
    0x08001018   0x08001018   0x0000001c   Code   RO         3389    i.HAL_Delay         stm32l4xx_hal.o
    0x08001034   0x08001034   0x00000002   Code   RO         4055    i.HAL_GPIO_EXTI_Callback  stm32l4xx_hal_gpio.o
    0x08001036   0x08001036   0x00000002   PAD
    0x08001038   0x08001038   0x00000018   Code   RO         4056    i.HAL_GPIO_EXTI_IRQHandler  stm32l4xx_hal_gpio.o
    0x08001050   0x08001050   0x000001ca   Code   RO         4057    i.HAL_GPIO_Init     stm32l4xx_hal_gpio.o
    0x0800121a   0x0800121a   0x0000000a   Code   RO         4061    i.HAL_GPIO_WritePin  stm32l4xx_hal_gpio.o
    0x08001224   0x08001224   0x0000000c   Code   RO         3393    i.HAL_GetTick       stm32l4xx_hal.o
    0x08001230   0x08001230   0x00000008   Code   RO          299    i.HAL_HCD_Connect_Callback  usbh_conf.o
    0x08001238   0x08001238   0x00000008   Code   RO          300    i.HAL_HCD_Disconnect_Callback  usbh_conf.o
    0x08001240   0x08001240   0x00000006   Code   RO          796    i.HAL_HCD_GetCurrentFrame  stm32l4xx_hal_hcd.o
    0x08001246   0x08001246   0x00000006   Code   RO          797    i.HAL_HCD_GetCurrentSpeed  stm32l4xx_hal_hcd.o
    0x0800124c   0x0800124c   0x0000000e   Code   RO          800    i.HAL_HCD_HC_GetURBState  stm32l4xx_hal_hcd.o
    0x0800125a   0x0800125a   0x0000000c   Code   RO          801    i.HAL_HCD_HC_GetXferCount  stm32l4xx_hal_hcd.o
    0x08001266   0x08001266   0x00000024   Code   RO          802    i.HAL_HCD_HC_Halt   stm32l4xx_hal_hcd.o
    0x0800128a   0x0800128a   0x00000078   Code   RO          803    i.HAL_HCD_HC_Init   stm32l4xx_hal_hcd.o
    0x08001302   0x08001302   0x00000002   Code   RO          301    i.HAL_HCD_HC_NotifyURBChange_Callback  usbh_conf.o
    0x08001304   0x08001304   0x0000008c   Code   RO          805    i.HAL_HCD_HC_SubmitRequest  stm32l4xx_hal_hcd.o
    0x08001390   0x08001390   0x00000132   Code   RO          806    i.HAL_HCD_IRQHandler  stm32l4xx_hal_hcd.o
    0x080014c2   0x080014c2   0x00000068   Code   RO          807    i.HAL_HCD_Init      stm32l4xx_hal_hcd.o
    0x0800152a   0x0800152a   0x00000002   PAD
    0x0800152c   0x0800152c   0x00000080   Code   RO          303    i.HAL_HCD_MspInit   usbh_conf.o
    0x080015ac   0x080015ac   0x00000008   Code   RO          304    i.HAL_HCD_PortDisabled_Callback  usbh_conf.o
    0x080015b4   0x080015b4   0x00000008   Code   RO          305    i.HAL_HCD_PortEnabled_Callback  usbh_conf.o
    0x080015bc   0x080015bc   0x00000006   Code   RO          812    i.HAL_HCD_ResetPort  stm32l4xx_hal_hcd.o
    0x080015c2   0x080015c2   0x00000008   Code   RO          306    i.HAL_HCD_SOF_Callback  usbh_conf.o
    0x080015ca   0x080015ca   0x0000002c   Code   RO          814    i.HAL_HCD_Start     stm32l4xx_hal_hcd.o
    0x080015f6   0x080015f6   0x00000024   Code   RO          815    i.HAL_HCD_Stop      stm32l4xx_hal_hcd.o
    0x0800161a   0x0800161a   0x00000056   Code   RO         2158    i.HAL_I2CEx_ConfigAnalogFilter  stm32l4xx_hal_i2c_ex.o
    0x08001670   0x08001670   0x00000052   Code   RO         2159    i.HAL_I2CEx_ConfigDigitalFilter  stm32l4xx_hal_i2c_ex.o
    0x080016c2   0x080016c2   0x00000002   PAD
    0x080016c4   0x080016c4   0x000000b8   Code   RO         1712    i.HAL_I2C_Init      stm32l4xx_hal_i2c.o
    0x0800177c   0x0800177c   0x0000006c   Code   RO          607    i.HAL_I2C_MspInit   stm32l4xx_hal_msp.o
    0x080017e8   0x080017e8   0x00000010   Code   RO         3397    i.HAL_IncTick       stm32l4xx_hal.o
    0x080017f8   0x080017f8   0x0000002c   Code   RO         3398    i.HAL_Init          stm32l4xx_hal.o
    0x08001824   0x08001824   0x00000030   Code   RO         3399    i.HAL_InitTick      stm32l4xx_hal.o
    0x08001854   0x08001854   0x000000fc   Code   RO         2216    i.HAL_LCD_Init      stm32l4xx_hal_lcd.o
    0x08001950   0x08001950   0x00000098   Code   RO          609    i.HAL_LCD_MspInit   stm32l4xx_hal_msp.o
    0x080019e8   0x080019e8   0x00000054   Code   RO         2219    i.HAL_LCD_UpdateDisplayRequest  stm32l4xx_hal_lcd.o
    0x08001a3c   0x08001a3c   0x00000088   Code   RO         2220    i.HAL_LCD_Write     stm32l4xx_hal_lcd.o
    0x08001ac4   0x08001ac4   0x00000080   Code   RO          610    i.HAL_MspInit       stm32l4xx_hal_msp.o
    0x08001b44   0x08001b44   0x00000016   Code   RO         4598    i.HAL_NVIC_EnableIRQ  stm32l4xx_hal_cortex.o
    0x08001b5a   0x08001b5a   0x00000002   PAD
    0x08001b5c   0x08001b5c   0x00000040   Code   RO         4604    i.HAL_NVIC_SetPriority  stm32l4xx_hal_cortex.o
    0x08001b9c   0x08001b9c   0x00000024   Code   RO         4605    i.HAL_NVIC_SetPriorityGrouping  stm32l4xx_hal_cortex.o
    0x08001bc0   0x08001bc0   0x00000068   Code   RO         4348    i.HAL_PWREx_ControlVoltageScaling  stm32l4xx_hal_pwr_ex.o
    0x08001c28   0x08001c28   0x00000010   Code   RO         4374    i.HAL_PWREx_EnableVddUSB  stm32l4xx_hal_pwr_ex.o
    0x08001c38   0x08001c38   0x00000010   Code   RO         4379    i.HAL_PWREx_GetVoltageRange  stm32l4xx_hal_pwr_ex.o
    0x08001c48   0x08001c48   0x00000010   Code   RO         4240    i.HAL_PWR_EnableBkUpAccess  stm32l4xx_hal_pwr.o
    0x08001c58   0x08001c58   0x00000010   Code   RO         3707    i.HAL_RCCEx_EnableMSIPLLMode  stm32l4xx_hal_rcc_ex.o
    0x08001c68   0x08001c68   0x000003d2   Code   RO         3711    i.HAL_RCCEx_GetPeriphCLKFreq  stm32l4xx_hal_rcc_ex.o
    0x0800203a   0x0800203a   0x00000002   PAD
    0x0800203c   0x0800203c   0x000003ae   Code   RO         3714    i.HAL_RCCEx_PeriphCLKConfig  stm32l4xx_hal_rcc_ex.o
    0x080023ea   0x080023ea   0x00000002   PAD
    0x080023ec   0x080023ec   0x00000118   Code   RO         3599    i.HAL_RCC_ClockConfig  stm32l4xx_hal_rcc.o
    0x08002504   0x08002504   0x0000000c   Code   RO         3603    i.HAL_RCC_GetHCLKFreq  stm32l4xx_hal_rcc.o
    0x08002510   0x08002510   0x00000024   Code   RO         3605    i.HAL_RCC_GetPCLK1Freq  stm32l4xx_hal_rcc.o
    0x08002534   0x08002534   0x00000024   Code   RO         3606    i.HAL_RCC_GetPCLK2Freq  stm32l4xx_hal_rcc.o
    0x08002558   0x08002558   0x000000a4   Code   RO         3607    i.HAL_RCC_GetSysClockFreq  stm32l4xx_hal_rcc.o
    0x080025fc   0x080025fc   0x00000464   Code   RO         3610    i.HAL_RCC_OscConfig  stm32l4xx_hal_rcc.o
    0x08002a60   0x08002a60   0x000001b4   Code   RO         2303    i.HAL_SAI_Init      stm32l4xx_hal_sai.o
    0x08002c14   0x08002c14   0x000000be   Code   RO          612    i.HAL_SAI_MspInit   stm32l4xx_hal_msp.o
    0x08002cd2   0x08002cd2   0x000000ac   Code   RO         2584    i.HAL_SPI_Init      stm32l4xx_hal_spi.o
    0x08002d7e   0x08002d7e   0x00000002   PAD
    0x08002d80   0x08002d80   0x0000004c   Code   RO          614    i.HAL_SPI_MspInit   stm32l4xx_hal_msp.o
    0x08002dcc   0x08002dcc   0x00000018   Code   RO         4607    i.HAL_SYSTICK_CLKSourceConfig  stm32l4xx_hal_cortex.o
    0x08002de4   0x08002de4   0x00000002   Code   RO         4608    i.HAL_SYSTICK_Callback  stm32l4xx_hal_cortex.o
    0x08002de6   0x08002de6   0x00000028   Code   RO         4609    i.HAL_SYSTICK_Config  stm32l4xx_hal_cortex.o
    0x08002e0e   0x08002e0e   0x00000008   Code   RO         4610    i.HAL_SYSTICK_IRQHandler  stm32l4xx_hal_cortex.o
    0x08002e16   0x08002e16   0x0000006a   Code   RO         2986    i.HAL_UART_Init     stm32l4xx_hal_uart.o
    0x08002e80   0x08002e80   0x0000004c   Code   RO          616    i.HAL_UART_MspInit  stm32l4xx_hal_msp.o
    0x08002ecc   0x08002ecc   0x00000232   Code   RO          816    i.HCD_HC_IN_IRQHandler  stm32l4xx_hal_hcd.o
    0x080030fe   0x080030fe   0x00000240   Code   RO          817    i.HCD_HC_OUT_IRQHandler  stm32l4xx_hal_hcd.o
    0x0800333e   0x0800333e   0x000000b8   Code   RO          818    i.HCD_Port_IRQHandler  stm32l4xx_hal_hcd.o
    0x080033f6   0x080033f6   0x00000002   PAD
    0x080033f8   0x080033f8   0x00000070   Code   RO          819    i.HCD_RXQLVL_IRQHandler  stm32l4xx_hal_hcd.o
    0x08003468   0x08003468   0x00000002   Code   RO          504    i.HardFault_Handler  stm32l4xx_it.o
    0x0800346a   0x0800346a   0x00000030   Code   RO         2221    i.LCD_WaitForSynchro  stm32l4xx_hal_lcd.o
    0x0800349a   0x0800349a   0x0000000c   Code   RO         1293    i.LL_ADC_GetOffsetChannel  stm32l4xx_hal_adc.o
    0x080034a6   0x080034a6   0x00000008   Code   RO         1294    i.LL_ADC_INJ_IsConversionOngoing  stm32l4xx_hal_adc.o
    0x080034ae   0x080034ae   0x00000008   Code   RO         1295    i.LL_ADC_REG_IsConversionOngoing  stm32l4xx_hal_adc.o
    0x080034b6   0x080034b6   0x00000008   Code   RO         1522    i.LL_ADC_REG_IsConversionOngoing  stm32l4xx_hal_adc_ex.o
    0x080034be   0x080034be   0x00000010   Code   RO         1296    i.LL_ADC_REG_IsTriggerSourceSWStart  stm32l4xx_hal_adc.o
    0x080034ce   0x080034ce   0x0000001e   Code   RO         1298    i.LL_ADC_SetChannelSamplingTime  stm32l4xx_hal_adc.o
    0x080034ec   0x080034ec   0x00000010   Code   RO         1299    i.LL_ADC_SetOffsetState  stm32l4xx_hal_adc.o
    0x080034fc   0x080034fc   0x0000007c   Code   RO           13    i.MX_ADC1_Init      main.o
    0x08003578   0x08003578   0x00000018   Code   RO          474    i.MX_DriverVbusFS   usbh_platform.o
    0x08003590   0x08003590   0x0000021a   Code   RO           14    i.MX_GPIO_Init      main.o
    0x080037aa   0x080037aa   0x00000002   PAD
    0x080037ac   0x080037ac   0x00000050   Code   RO           15    i.MX_I2C1_Init      main.o
    0x080037fc   0x080037fc   0x00000050   Code   RO           16    i.MX_I2C2_Init      main.o
    0x0800384c   0x0800384c   0x00000038   Code   RO           17    i.MX_LCD_Init       main.o
    0x08003884   0x08003884   0x00000098   Code   RO           18    i.MX_SAI1_Init      main.o
    0x0800391c   0x0800391c   0x00000048   Code   RO           19    i.MX_SPI2_Init      main.o
    0x08003964   0x08003964   0x00000038   Code   RO           20    i.MX_USART2_UART_Init  main.o
    0x0800399c   0x0800399c   0x0000002c   Code   RO          230    i.MX_USB_HOST_Init  usb_host.o
    0x080039c8   0x080039c8   0x0000000c   Code   RO          231    i.MX_USB_HOST_Process  usb_host.o
    0x080039d4   0x080039d4   0x00000002   Code   RO          505    i.MemManage_Handler  stm32l4xx_it.o
    0x080039d6   0x080039d6   0x00000002   Code   RO          506    i.NMI_Handler       stm32l4xx_it.o
    0x080039d8   0x080039d8   0x00000020   Code   RO         4611    i.NVIC_SetPriority  stm32l4xx_hal_cortex.o
    0x080039f8   0x080039f8   0x0000000c   Code   RO          507    i.OTG_FS_IRQHandler  stm32l4xx_it.o
    0x08003a04   0x08003a04   0x00000002   Code   RO          508    i.PendSV_Handler    stm32l4xx_it.o
    0x08003a06   0x08003a06   0x00000002   PAD
    0x08003a08   0x08003a08   0x000000d0   Code   RO         3717    i.RCCEx_GetSAIxPeriphCLKFreq  stm32l4xx_hal_rcc_ex.o
    0x08003ad8   0x08003ad8   0x0000012c   Code   RO         3718    i.RCCEx_PLLSAI1_Config  stm32l4xx_hal_rcc_ex.o
    0x08003c04   0x08003c04   0x00000108   Code   RO         3719    i.RCCEx_PLLSAI2_Config  stm32l4xx_hal_rcc_ex.o
    0x08003d0c   0x08003d0c   0x0000007c   Code   RO         3611    i.RCC_SetFlashLatencyFromMSIRange  stm32l4xx_hal_rcc.o
    0x08003d88   0x08003d88   0x00000040   Code   RO         2323    i.SAI_Disable       stm32l4xx_hal_sai.o
    0x08003dc8   0x08003dc8   0x00000002   Code   RO          509    i.SVC_Handler       stm32l4xx_it.o
    0x08003dca   0x08003dca   0x0000000e   Code   RO          510    i.SysTick_Handler   stm32l4xx_it.o
    0x08003dd8   0x08003dd8   0x000000d4   Code   RO           21    i.SystemClock_Config  main.o
    0x08003eac   0x08003eac   0x00000044   Code   RO         4729    i.SystemInit        system_stm32l4xx.o
    0x08003ef0   0x08003ef0   0x000000c8   Code   RO         2999    i.UART_AdvFeatureConfig  stm32l4xx_hal_uart.o
    0x08003fb8   0x08003fb8   0x0000005c   Code   RO         3000    i.UART_CheckIdleState  stm32l4xx_hal_uart.o
    0x08004014   0x08004014   0x000002a0   Code   RO         3015    i.UART_SetConfig    stm32l4xx_hal_uart.o
    0x080042b4   0x080042b4   0x00000064   Code   RO         3018    i.UART_WaitOnFlagUntilTimeout  stm32l4xx_hal_uart.o
    0x08004318   0x08004318   0x00000034   Code   RO         5066    i.USBH_AllocPipe    usbh_pipes.o
    0x0800434c   0x0800434c   0x00000020   Code   RO         4994    i.USBH_BulkReceiveData  usbh_ioreq.o
    0x0800436c   0x0800436c   0x00000028   Code   RO         4995    i.USBH_BulkSendData  usbh_ioreq.o
    0x08004394   0x08004394   0x00000024   Code   RO         5111    i.USBH_CDC_ClassRequest  usbh_cdc.o
    0x080043b8   0x080043b8   0x0000005e   Code   RO         5114    i.USBH_CDC_InterfaceDeInit  usbh_cdc.o
    0x08004416   0x08004416   0x00000134   Code   RO         5115    i.USBH_CDC_InterfaceInit  usbh_cdc.o
    0x0800454a   0x0800454a   0x00000002   Code   RO         5116    i.USBH_CDC_LineCodingChanged  usbh_cdc.o
    0x0800454c   0x0800454c   0x000000b8   Code   RO         5117    i.USBH_CDC_Process  usbh_cdc.o
    0x08004604   0x08004604   0x00000002   Code   RO         5119    i.USBH_CDC_ReceiveCallback  usbh_cdc.o
    0x08004606   0x08004606   0x00000004   Code   RO         5120    i.USBH_CDC_SOFProcess  usbh_cdc.o
    0x0800460a   0x0800460a   0x00000002   Code   RO         5124    i.USBH_CDC_TransmitCallback  usbh_cdc.o
    0x0800460c   0x0800460c   0x0000000a   Code   RO         5067    i.USBH_ClosePipe    usbh_pipes.o
    0x08004616   0x08004616   0x0000001e   Code   RO         4900    i.USBH_ClrFeature   usbh_ctlreq.o
    0x08004634   0x08004634   0x0000001e   Code   RO         4996    i.USBH_CtlReceiveData  usbh_ioreq.o
    0x08004652   0x08004652   0x0000003a   Code   RO         4901    i.USBH_CtlReq       usbh_ctlreq.o
    0x0800468c   0x0800468c   0x00000028   Code   RO         4997    i.USBH_CtlSendData  usbh_ioreq.o
    0x080046b4   0x080046b4   0x0000001e   Code   RO         4998    i.USBH_CtlSendSetup  usbh_ioreq.o
    0x080046d2   0x080046d2   0x00000004   Code   RO          307    i.USBH_Delay        usbh_conf.o
    0x080046d6   0x080046d6   0x00000002   PAD
    0x080046d8   0x080046d8   0x00000044   Code   RO         4768    i.USBH_FindInterface  usbh_core.o
    0x0800471c   0x0800471c   0x00000018   Code   RO         5068    i.USBH_FreePipe     usbh_pipes.o
    0x08004734   0x08004734   0x00000034   Code   RO         4902    i.USBH_GetDescriptor  usbh_ctlreq.o
    0x08004768   0x08004768   0x0000000e   Code   RO         4903    i.USBH_GetNextDesc  usbh_ctlreq.o
    0x08004776   0x08004776   0x0000002c   Code   RO         4904    i.USBH_Get_CfgDesc  usbh_ctlreq.o
    0x080047a2   0x080047a2   0x00000090   Code   RO         4905    i.USBH_Get_DevDesc  usbh_ctlreq.o
    0x08004832   0x08004832   0x00000048   Code   RO         4906    i.USBH_Get_StringDesc  usbh_ctlreq.o
    0x0800487a   0x0800487a   0x00000190   Code   RO         4907    i.USBH_HandleControl  usbh_ctlreq.o
    0x08004a0a   0x08004a0a   0x000000f2   Code   RO         4771    i.USBH_HandleEnum   usbh_core.o
    0x08004afc   0x08004afc   0x00000030   Code   RO         4772    i.USBH_Init         usbh_core.o
    0x08004b2c   0x08004b2c   0x00000020   Code   RO          308    i.USBH_LL_ClosePipe  usbh_conf.o
    0x08004b4c   0x08004b4c   0x0000002a   Code   RO         4774    i.USBH_LL_Connect   usbh_core.o
    0x08004b76   0x08004b76   0x00000038   Code   RO         4775    i.USBH_LL_Disconnect  usbh_core.o
    0x08004bae   0x08004bae   0x0000001a   Code   RO          310    i.USBH_LL_DriverVBUS  usbh_conf.o
    0x08004bc8   0x08004bc8   0x00000008   Code   RO          311    i.USBH_LL_GetLastXferSize  usbh_conf.o
    0x08004bd0   0x08004bd0   0x00000022   Code   RO          312    i.USBH_LL_GetSpeed  usbh_conf.o
    0x08004bf2   0x08004bf2   0x00000008   Code   RO          314    i.USBH_LL_GetURBState  usbh_conf.o
    0x08004bfa   0x08004bfa   0x0000001e   Code   RO         4776    i.USBH_LL_IncTimer  usbh_core.o
    0x08004c18   0x08004c18   0x00000068   Code   RO          315    i.USBH_LL_Init      usbh_conf.o
    0x08004c80   0x08004c80   0x0000002a   Code   RO          316    i.USBH_LL_OpenPipe  usbh_conf.o
    0x08004caa   0x08004caa   0x00000008   Code   RO         4777    i.USBH_LL_PortDisabled  usbh_core.o
    0x08004cb2   0x08004cb2   0x00000008   Code   RO         4778    i.USBH_LL_PortEnabled  usbh_core.o
    0x08004cba   0x08004cba   0x00000020   Code   RO          317    i.USBH_LL_ResetPort  usbh_conf.o
    0x08004cda   0x08004cda   0x00000006   Code   RO         4779    i.USBH_LL_SetTimer  usbh_core.o
    0x08004ce0   0x08004ce0   0x00000020   Code   RO          318    i.USBH_LL_SetToggle  usbh_conf.o
    0x08004d00   0x08004d00   0x00000020   Code   RO          319    i.USBH_LL_Start     usbh_conf.o
    0x08004d20   0x08004d20   0x00000020   Code   RO          320    i.USBH_LL_Stop      usbh_conf.o
    0x08004d40   0x08004d40   0x00000030   Code   RO          321    i.USBH_LL_SubmitURB  usbh_conf.o
    0x08004d70   0x08004d70   0x00000014   Code   RO         5069    i.USBH_OpenPipe     usbh_pipes.o
    0x08004d84   0x08004d84   0x000000dc   Code   RO         4908    i.USBH_ParseCfgDesc  usbh_ctlreq.o
    0x08004e60   0x08004e60   0x000001a0   Code   RO         4780    i.USBH_Process      usbh_core.o
    0x08005000   0x08005000   0x0000001c   Code   RO         4782    i.USBH_RegisterClass  usbh_core.o
    0x0800501c   0x0800501c   0x00000016   Code   RO         4783    i.USBH_SelectInterface  usbh_core.o
    0x08005032   0x08005032   0x0000001c   Code   RO         4909    i.USBH_SetAddress   usbh_ctlreq.o
    0x0800504e   0x0800504e   0x0000001c   Code   RO         4910    i.USBH_SetCfg       usbh_ctlreq.o
    0x0800506a   0x0800506a   0x0000001c   Code   RO         4911    i.USBH_SetFeature   usbh_ctlreq.o
    0x08005086   0x08005086   0x00000014   Code   RO         4784    i.USBH_Start        usbh_core.o
    0x0800509a   0x0800509a   0x00000002   PAD
    0x0800509c   0x0800509c   0x00000020   Code   RO          232    i.USBH_UserProcess  usb_host.o
    0x080050bc   0x080050bc   0x00000054   Code   RO          974    i.USB_CoreInit      stm32l4xx_ll_usb.o
    0x08005110   0x08005110   0x00000038   Code   RO          975    i.USB_CoreReset     stm32l4xx_ll_usb.o
    0x08005148   0x08005148   0x0000000c   Code   RO          982    i.USB_DisableGlobalInt  stm32l4xx_ll_usb.o
    0x08005154   0x08005154   0x0000002c   Code   RO          984    i.USB_DriveVbus     stm32l4xx_ll_usb.o
    0x08005180   0x08005180   0x0000000c   Code   RO          990    i.USB_EnableGlobalInt  stm32l4xx_ll_usb.o
    0x0800518c   0x0800518c   0x00000020   Code   RO          991    i.USB_FlushRxFifo   stm32l4xx_ll_usb.o
    0x080051ac   0x080051ac   0x00000024   Code   RO          992    i.USB_FlushTxFifo   stm32l4xx_ll_usb.o
    0x080051d0   0x080051d0   0x00000008   Code   RO          993    i.USB_GetCurrentFrame  stm32l4xx_ll_usb.o
    0x080051d8   0x080051d8   0x0000000e   Code   RO          995    i.USB_GetHostSpeed  stm32l4xx_ll_usb.o
    0x080051e6   0x080051e6   0x00000008   Code   RO          996    i.USB_GetMode       stm32l4xx_ll_usb.o
    0x080051ee   0x080051ee   0x000000c2   Code   RO          997    i.USB_HC_Halt       stm32l4xx_ll_usb.o
    0x080052b0   0x080052b0   0x000000d8   Code   RO          998    i.USB_HC_Init       stm32l4xx_ll_usb.o
    0x08005388   0x08005388   0x00000008   Code   RO          999    i.USB_HC_ReadInterrupt  stm32l4xx_ll_usb.o
    0x08005390   0x08005390   0x00000108   Code   RO         1000    i.USB_HC_StartXfer  stm32l4xx_ll_usb.o
    0x08005498   0x08005498   0x000000c8   Code   RO         1001    i.USB_HostInit      stm32l4xx_ll_usb.o
    0x08005560   0x08005560   0x00000036   Code   RO         1002    i.USB_InitFSLSPClkSel  stm32l4xx_ll_usb.o
    0x08005596   0x08005596   0x00000008   Code   RO         1007    i.USB_ReadInterrupts  stm32l4xx_ll_usb.o
    0x0800559e   0x0800559e   0x0000001c   Code   RO         1008    i.USB_ReadPacket    stm32l4xx_ll_usb.o
    0x080055ba   0x080055ba   0x00000032   Code   RO         1009    i.USB_ResetPort     stm32l4xx_ll_usb.o
    0x080055ec   0x080055ec   0x0000002e   Code   RO         1010    i.USB_SetCurrentMode  stm32l4xx_ll_usb.o
    0x0800561a   0x0800561a   0x00000002   PAD
    0x0800561c   0x0800561c   0x0000007e   Code   RO         1014    i.USB_StopHost      stm32l4xx_ll_usb.o
    0x0800569a   0x0800569a   0x00000020   Code   RO         1015    i.USB_WritePacket   stm32l4xx_ll_usb.o
    0x080056ba   0x080056ba   0x00000002   Code   RO          511    i.UsageFault_Handler  stm32l4xx_it.o
    0x080056bc   0x080056bc   0x00000002   Code   RO           22    i._Error_Handler    main.o
    0x080056be   0x080056be   0x0000000e   Code   RO         5296    i.__scatterload_copy  mc_w.l(handlers.o)
    0x080056cc   0x080056cc   0x00000002   Code   RO         5297    i.__scatterload_null  mc_w.l(handlers.o)
    0x080056ce   0x080056ce   0x0000000e   Code   RO         5298    i.__scatterload_zeroinit  mc_w.l(handlers.o)
    0x080056dc   0x080056dc   0x00000050   Code   RO         5233    i.free              mc_w.l(malloc.o)
    0x0800572c   0x0800572c   0x00000134   Code   RO           23    i.main              main.o
    0x08005860   0x08005860   0x0000006c   Code   RO         5234    i.malloc            mc_w.l(malloc.o)
    0x080058cc   0x080058cc   0x00000040   Data   RO         4730    .constdata          system_stm32l4xx.o
    0x0800590c   0x0800590c   0x00000008   Data   RO         4731    .constdata          system_stm32l4xx.o
    0x08005914   0x08005914   0x00000004   Data   RO         5125    .conststring        usbh_cdc.o
    0x08005918   0x08005918   0x00000020   Data   RO         5294    Region$$Table       anon$$obj.o


    Execution Region RW_IRAM1 (Exec base: 0x20000000, Load base: 0x08005938, Size: 0x00000ff8, Max: 0x00018000, ABSOLUTE)

    Exec Addr    Load Addr    Size         Type   Attr      Idx    E Section Name        Object

    0x20000000   0x08005938   0x0000000c   Data   RW           25    .data               main.o
    0x2000000c   0x08005944   0x00000001   Data   RW          234    .data               usb_host.o
    0x2000000d   0x08005945   0x00000003   PAD
    0x20000010   0x08005948   0x00000004   Data   RW          617    .data               stm32l4xx_hal_msp.o
    0x20000014   0x0800594c   0x00000004   Data   RW         1016    .data               stm32l4xx_ll_usb.o
    0x20000018   0x08005950   0x00000004   Data   RW         3414    .data               stm32l4xx_hal.o
    0x2000001c   0x08005954   0x00000004   Data   RW         4732    .data               system_stm32l4xx.o
    0x20000020   0x08005958   0x00000020   Data   RW         5126    .data               usbh_cdc.o
    0x20000040   0x08005978   0x00000004   Data   RW         5285    .data               mc_w.l(mvars.o)
    0x20000044   0x0800597c   0x00000004   Data   RW         5286    .data               mc_w.l(mvars.o)
    0x20000048        -       0x0000031c   Zero   RW           24    .bss                main.o
    0x20000364        -       0x000003cc   Zero   RW          233    .bss                usb_host.o
    0x20000730        -       0x000002c4   Zero   RW          322    .bss                usbh_conf.o
    0x200009f4   0x08005980   0x00000004   PAD
    0x200009f8        -       0x00000200   Zero   RW            2    HEAP                startup_stm32l476xx.o
    0x20000bf8        -       0x00000400   Zero   RW            1    STACK               startup_stm32l476xx.o


==============================================================================

Image component sizes


      Code (inc. data)   RO Data    RW Data    ZI Data      Debug   Object Name

      1680        146          0         12        796     890199   main.o
        36          8        392          0       1536        848   startup_stm32l476xx.o
       148         22          0          4          0       4263   stm32l4xx_hal.o
      2170        122          0          0          0      69519   stm32l4xx_hal_adc.o
       248         18          0          0          0      59807   stm32l4xx_hal_adc_ex.o
       228         14          0          0          0      32233   stm32l4xx_hal_cortex.o
       494         44          0          0          0       3684   stm32l4xx_hal_gpio.o
      2264          4          0          0          0      13817   stm32l4xx_hal_hcd.o
       184          6          0          0          0       2843   stm32l4xx_hal_i2c.o
       168          0          0          0          0       1947   stm32l4xx_hal_i2c_ex.o
       520          4          0          0          0       3895   stm32l4xx_hal_lcd.o
       794         96          0          4          0       5427   stm32l4xx_hal_msp.o
        16          4          0          0          0        555   stm32l4xx_hal_pwr.o
       136         24          0          0          0       1947   stm32l4xx_hal_pwr_ex.o
      1776         92          0          0          0       7468   stm32l4xx_hal_rcc.o
      2708         78          0          0          0       7426   stm32l4xx_hal_rcc_ex.o
       500         22          0          0          0       2467   stm32l4xx_hal_sai.o
       172          0          0          0          0       1271   stm32l4xx_hal_spi.o
      1170         70          0          0          0       5349   stm32l4xx_hal_uart.o
       154         30          0          0          0       6712   stm32l4xx_it.o
      1532         44          0          4          0      17370   stm32l4xx_ll_usb.o
        68         12         72          4          0       1253   system_stm32l4xx.o
        88         24          0          1        972       9790   usb_host.o
       872          6          4         32          0      12884   usbh_cdc.o
       604         30          0          0        708      12499   usbh_conf.o
      1066         20          0          0          0      11148   usbh_core.o
      1118         12          0          0          0      10738   usbh_ctlreq.o
       172          0          0          0          0       4416   usbh_ioreq.o
       106          0          0          0          0       3410   usbh_pipes.o
        24          6          0          0          0        530   usbh_platform.o

    ----------------------------------------------------------------------
     21250        958        500         64       4016    1205715   Object Totals
         0          0         32          0          0          0   (incl. Generated)
        34          0          0          3          4          0   (incl. Padding)

    ----------------------------------------------------------------------

      Code (inc. data)   RO Data    RW Data    ZI Data      Debug   Library Member Name

         0          0          0          0          0          0   entry.o
         0          0          0          0          0          0   entry10a.o
         0          0          0          0          0          0   entry11a.o
         8          4          0          0          0          0   entry2.o
         4          0          0          0          0          0   entry5.o
         0          0          0          0          0          0   entry7b.o
         0          0          0          0          0          0   entry8b.o
         8          4          0          0          0          0   entry9a.o
        30          0          0          0          0          0   handlers.o
        36          8          0          0          0         68   init.o
         0          0          0          0          0          0   iusefp.o
        30          0          0          0          0         68   llshl.o
        32          0          0          0          0         68   llushr.o
       188         20          0          0          0        160   malloc.o
        36          0          0          0          0         68   memcpya.o
         0          0          0          8          0          0   mvars.o
       104          0          0          0          0         92   uldiv.o
        56          0          0          0          0         88   d2f.o
       186          0          0          0          0        176   depilogue.o
        26          0          0          0          0         76   dfltui.o
       234          0          0          0          0         96   dmul.o
       110          0          0          0          0        168   fepilogue.o

    ----------------------------------------------------------------------
      1090         36          0          8          0       1128   Library Totals
         2          0          0          0          0          0   (incl. Padding)

    ----------------------------------------------------------------------

      Code (inc. data)   RO Data    RW Data    ZI Data      Debug   Library Name

       476         36          0          8          0        524   mc_w.l
       612          0          0          0          0        604   mf_w.l

    ----------------------------------------------------------------------
      1090         36          0          8          0       1128   Library Totals

    ----------------------------------------------------------------------

==============================================================================


      Code (inc. data)   RO Data    RW Data    ZI Data      Debug   

     22340        994        500         72       4016    1186927   Grand Totals
     22340        994        500         72       4016    1186927   ELF Image Totals
     22340        994        500         72          0          0   ROM Totals

==============================================================================

    Total RO  Size (Code + RO Data)                22840 (  22.30kB)
    Total RW  Size (RW Data + ZI Data)              4088 (   3.99kB)
    Total ROM Size (Code + RO Data + RW Data)      22912 (  22.38kB)

==============================================================================

